Microchip MPLAB XC8 Compiler V3.00

Linker command line:

-W-3 \
  --edf=C:\Program Files\Microchip\xc8\v3.00\pic\dat\20241204225717_en.msgs \
  -cn -h+dist/test/debug\Rocko_v0.X.debug.sym \
  --cmf=dist/test/debug\Rocko_v0.X.debug.cmf -z -Q18F65K40 \
  -oC:\Users\jared\AppData\Local\Temp\xcAsop0.\driver_tmp_3.o \
  --defsym=__MPLAB_BUILD=1 --fixupoverflow=error \
  -Mdist/test/debug/Rocko_v0.X.debug.map \
  --md=C:\Users\jared\AppData\Local\Temp\xcAsop0.\driver_tmp_0.dat -E1 \
  -ver=XC8 Compiler -ACODE=00h-07FFFh -ACONST=00h-07FFFh \
  -ASMALLCONST=0800h-08FFhx120 -AMEDIUMCONST=0800h-07FFFh -ACOMRAM=01h-05Fh \
  -AABS1=00h-07FFh -ABIGRAM=01h-07FFh -ARAM=060h-0FFh,0100h-01FFhx7 \
  -ABANK0=060h-0FFh -ABANK1=0100h-01FFh -ABANK2=0200h-02FFh \
  -ABANK3=0300h-03FFh -ABANK4=0400h-04FFh -ABANK5=0500h-05FFh \
  -ABANK6=0600h-06FFh -ABANK7=0700h-07FFh \
  -ASFR=0DEFh-0DFFh,0E00h-0EFFh,0F00h-0F5Fh,0F60h-0FFFh \
  -ABIGSFR=0DEFh-0FFFh -ACONFIG=0300000h-030000Bh -AIDLOC=0200000h-020000Fh \
  -AEEDATA=0310000h-03103FFh -peeprom_data=EEDATA \
  -preset_vec=00h,intcode=8h,intcodelo=18h,sivt_lo,sivt_hi=CODE \
  -ppowerup=CODE,init -pramtop=0800h -psmallconst=SMALLCONST \
  -pmediumconst=MEDIUMCONST -pconst=CONST -AFARRAM=00h-00h \
  -prdata=COMRAM,nvrram=COMRAM,nvbit=COMRAM,rbss=COMRAM,rbit=COMRAM \
  -pfarbss=FARRAM,fardata=FARRAM,nvFARRAM=FARRAM \
  -pintsave_regs=BIGRAM,bigbss=BIGRAM,bigdata=BIGRAM -pbss=RAM \
  -pidata=CODE,irdata=CODE,ibigdata=CODE,ifardata=CODE -prparam=COMRAM \
  C:\Users\jared\AppData\Local\Temp\xcAsop0.\driver_tmp_9.o \
  dist/test/debug\Rocko_v0.X.debug.o 

Object code version is 3.11

Machine type is 18F65K40



                Name                               Link     Load   Length Selector   Space Scale
C:\Users\jared\AppData\Local\Temp\xcAsop0.\driver_tmp_9.o
                config                           300000   300000        C        0       4
                init                                 66       66        4        4       0
                reset_vec                             0        0        6        0       0
dist/test/debug\Rocko_v0.X.debug.o
                intcode                               8        8       5E        4       0
                config                           300000   300000        C        0       4
                temp                                 5F       5F        1        1       1
                smallconst                          800      800       3E      400       0
                text55                             28E0     28E0        6     141C       0
                text54                             28DA     28DA        6     141C       0
                text52                             2490     2490       58      41F       0
                text51                             286E     286E       12     141C       0
                text50                             28D0     28D0        A     141C       0
                text49                             28C6     28C6        A     141C       0
                text48                             28BC     28BC        A     141C       0
                text47                             28B2     28B2        A     141C       0
                text46                             24E8     24E8       4C      41F       0
                text45                             1FAE     1FAE       BE      41F       0
                text44                             285C     285C       12     141C       0
                text43                             28A8     28A8        A     141C       0
                text42                             2800     2800       20      41F       0
                text41                             289E     289E        A     141C       0
                text40                             2756     2756       26      41F       0
                text39                             2894     2894        A     141C       0
                text38                             27E0     27E0       20      41F       0
                text37                             288A     288A        A     141C       0
                text36                             27C0     27C0       20      41F       0
                text35                             2880     2880        A     141C       0
                text34                             277C     277C       24      41F       0
                text33                             272C     272C       2A      41F       0
                text32                             206C     206C       A4      41F       0
                text31                             2308     2308       6A      41F       0
                text30                             2294     2294       74      41F       0
                text29                             1EEC     1EEC       C2      41F       0
                text28                             2700     2700       2C      41F       0
                text27                             25C4     25C4       44      41F       0
                text26                             26A6     26A6       2E      41F       0
                text25                             27A0     27A0       20      41F       0
                text24                             1E2A     1E2A       C2      41F       0
                text23                             2434     2434       5C      41F       0
                text22                             1110     1110      2BA      41F       0
                text21                             1D3E     1D3E       EC      41F       0
                text20                             219E     219E       7E      41F       0
                text19                             2608     2608       3C      41F       0
                text18                             1C48     1C48       F6      41F       0
                text17                             26D4     26D4       2C      41F       0
                text16                             284A     284A       12     141C       0
                text15                             2678     2678       2E      41F       0
                text14                             2644     2644       34      41F       0
                text13                              83E      83E      4B6      41F       0
                text12                             1B44     1B44      104      41F       0
                text11                             1A3E     1A3E      106      41F       0
                text10                             13CA     13CA      1B4      41F       0
                text9                              157E     157E      188      41F       0
                text8                              181C     181C      116      41F       0
                text7                              257E     257E       46      41F       0
                text6                              1706     1706      116      41F       0
                text5                               CF4      CF4      41C      41F       0
                text4                              2110     2110       8E      41F       0
                text3                              2838     2838       12     141C       0
                text2                              1932     1932      10C      41F       0
                text1                              23D8     23D8       5C      41F       0
                text0                              2534     2534       4A      41F       0
                cstackCOMRAM                         23       23       1D        1       1
                dataBANK0                            60       60       78       60       1
                bssBANK0                             D8       D8        E       60       1
                dataCOMRAM                           40       40       17        1       1
                bssCOMRAM                             1        1       22        1       1
                cinit                              2372     2372       66      41F       0
                nvBANK0                              E6       E6        A       60       1
                nvCOMRAM                             57       57        8        1       1
                idataBANK0                         221C     221C       78      41F       0
                idataCOMRAM                        2820     2820       17      41F       0

TOTAL           Name                               Link     Load   Length     Space
        CLASS   CODE           
                intcode                               8        8       5E         0
                init                                 66       66        4         0
                reset_vec                             0        0        6         0
                text55                             28E0     28E0        6         0
                text54                             28DA     28DA        6         0
                text52                             2490     2490       58         0
                text51                             286E     286E       12         0
                text50                             28D0     28D0        A         0
                text49                             28C6     28C6        A         0
                text48                             28BC     28BC        A         0
                text47                             28B2     28B2        A         0
                text46                             24E8     24E8       4C         0
                text45                             1FAE     1FAE       BE         0
                text44                             285C     285C       12         0
                text43                             28A8     28A8        A         0
                text42                             2800     2800       20         0
                text41                             289E     289E        A         0
                text40                             2756     2756       26         0
                text39                             2894     2894        A         0
                text38                             27E0     27E0       20         0
                text37                             288A     288A        A         0
                text36                             27C0     27C0       20         0
                text35                             2880     2880        A         0
                text34                             277C     277C       24         0
                text33                             272C     272C       2A         0
                text32                             206C     206C       A4         0
                text31                             2308     2308       6A         0
                text30                             2294     2294       74         0
                text29                             1EEC     1EEC       C2         0
                text28                             2700     2700       2C         0
                text27                             25C4     25C4       44         0
                text26                             26A6     26A6       2E         0
                text25                             27A0     27A0       20         0
                text24                             1E2A     1E2A       C2         0
                text23                             2434     2434       5C         0
                text22                             1110     1110      2BA         0
                text21                             1D3E     1D3E       EC         0
                text20                             219E     219E       7E         0
                text19                             2608     2608       3C         0
                text18                             1C48     1C48       F6         0
                text17                             26D4     26D4       2C         0
                text16                             284A     284A       12         0
                text15                             2678     2678       2E         0
                text14                             2644     2644       34         0
                text13                              83E      83E      4B6         0
                text12                             1B44     1B44      104         0
                text11                             1A3E     1A3E      106         0
                text10                             13CA     13CA      1B4         0
                text9                              157E     157E      188         0
                text8                              181C     181C      116         0
                text7                              257E     257E       46         0
                text6                              1706     1706      116         0
                text5                               CF4      CF4      41C         0
                text4                              2110     2110       8E         0
                text3                              2838     2838       12         0
                text2                              1932     1932      10C         0
                text1                              23D8     23D8       5C         0
                text0                              2534     2534       4A         0
                cinit                              2372     2372       66         0
                idataBANK0                         221C     221C       78         0
                idataCOMRAM                        2820     2820       17         0

        CLASS   CONST          

        CLASS   SMALLCONST     
                smallconst                          800      800       3E         0

        CLASS   MEDIUMCONST    

        CLASS   COMRAM         
                temp                                 5F       5F        1         1
                cstackCOMRAM                         23       23       1D         1
                dataCOMRAM                           40       40       17         1
                bssCOMRAM                             1        1       22         1
                nvCOMRAM                             57       57        8         1

        CLASS   ABS1           

        CLASS   BIGRAM         

        CLASS   RAM            

        CLASS   BANK0          
                dataBANK0                            60       60       78         1
                bssBANK0                             D8       D8        E         1
                nvBANK0                              E6       E6        A         1

        CLASS   BANK1          

        CLASS   BANK2          

        CLASS   BANK3          

        CLASS   BANK4          

        CLASS   BANK5          

        CLASS   BANK6          

        CLASS   BANK7          

        CLASS   SFR            

        CLASS   BIGSFR         

        CLASS   CONFIG         
                config                           300000   300000        C         4

        CLASS   IDLOC          

        CLASS   EEDATA         

        CLASS   FARRAM         

        CLASS   HEAP           

        CLASS   STACK          



SEGMENTS        Name                           Load    Length   Top    Selector   Space  Class

                reset_vec                      000000  000006  000006         0       0  CODE    
                bssCOMRAM                      000001  00005F  000060         1       1  COMRAM  
                intcode                        000008  000062  00006A         4       0  CODE    
                dataBANK0                      000060  000090  0000F0        60       1  BANK0   
                smallconst                     000800  00003E  00083E       400       0  SMALLCON
                text13                         00083E  001FF9  002837       41F       0  CODE    
                text3                          002838  0000AE  0028E6      141C       0  CODE    


UNUSED ADDRESS RANGES

        Name                Unused          Largest block    Delta
        BANK0            0000F0-0000FF               10
        BANK1            000100-0001FF              100
        BANK2            000200-0002FF              100
        BANK3            000300-0003FF              100
        BANK4            000400-0004FF              100
        BANK5            000500-0005FF              100
        BANK6            000600-0006FF              100
        BANK7            000700-0007FF              100
        BIGRAM           0000F0-0007FF              710
        BIGSFR           000DEF-000FFF              211
        CODE             000006-000007                2
                         00006A-0007FF              796
                         002837-002837                1
                         0028E6-007FFF             571A
        CONST            000006-000007                2
                         00006A-0007FF              796
                         002837-002837                1
                         0028E6-007FFF             571A
        EEDATA           310000-3103FF              400
        IDLOC            200000-20000F               10
        MEDIUMCONST      002837-002837                1
                         0028E6-007FFF             571A
        RAM              0000F0-0007FF              100
        SFR              000DEF-000FFF              100
        SMALLCONST       002837-002837                1
                         0028E6-007FFF              100

                                  Symbol Table

?_ADC_ChannelSelectAndConvert                  cstackCOMRAM 000023
?___awdiv                                      cstackCOMRAM 000023
?___fladd                                      cstackCOMRAM 000023
?___flsub                                      cstackCOMRAM 000033
?___fltol                                      cstackCOMRAM 000023
?___lldiv                                      cstackCOMRAM 00002F
?___lmul                                       cstackCOMRAM 000023
?___lwdiv                                      cstackCOMRAM 000023
?___xxtofl                                     cstackCOMRAM 000023
?_getAverageMotorCurrent                       cstackCOMRAM 00002B
ADC_ChannelSelectAndConvert@channel            cstackCOMRAM 000027
INT0_SetInterruptHandler@InterruptHandler      cstackCOMRAM 000023
INT1_SetInterruptHandler@InterruptHandler      cstackCOMRAM 000023
INT2_SetInterruptHandler@InterruptHandler      cstackCOMRAM 000023
INT3_SetInterruptHandler@InterruptHandler      cstackCOMRAM 000023
PWM6_LoadDutyValue@dutyValue                   cstackCOMRAM 000023
TMR0_OverflowCallbackRegister@CallbackHandler  cstackCOMRAM 000023
TMR2_OverflowCallbackRegister@InterruptHandler cstackCOMRAM 000023
TMR4_OverflowCallbackRegister@InterruptHandler cstackCOMRAM 000023
TMR6_OverflowCallbackRegister@InterruptHandler cstackCOMRAM 000023
TMR8_OverflowCallbackRegister@InterruptHandler cstackCOMRAM 000023
_ADACCH                                        (abs)        000F71
_ADACCL                                        (abs)        000F70
_ADACQ                                         (abs)        000F5C
_ADACT                                         (abs)        000F56
_ADCAP                                         (abs)        000F5D
_ADCLK                                         (abs)        000F57
_ADCNT                                         (abs)        000F67
_ADCON0                                        (abs)        000F60
_ADCON0bits                                    (abs)        000F60
_ADCON1                                        (abs)        000F59
_ADCON1bits                                    (abs)        000F59
_ADCON2                                        (abs)        000F5A
_ADCON2bits                                    (abs)        000F5A
_ADCON3                                        (abs)        000F5B
_ADCON3bits                                    (abs)        000F5B
_ADC_ChannelSelectAndConvert                   text28       002700
_ADC_ConversionDoneCallback                    bssCOMRAM    00001D
_ADC_ISR                                       text55       0028E0
_ADC_Initialize                                text52       002490
_ADC_ThresholdCallback                         bssCOMRAM    00001B
_ADC_ThresholdISR                              text54       0028DA
_ADERRH                                        (abs)        000F6F
_ADERRL                                        (abs)        000F6E
_ADFLTRH                                       (abs)        000F73
_ADFLTRL                                       (abs)        000F72
_ADLTHH                                        (abs)        000F6B
_ADLTHL                                        (abs)        000F6A
_ADPCH                                         (abs)        000F5F
_ADPRE                                         (abs)        000F5E
_ADPREVH                                       (abs)        000F62
_ADPREVL                                       (abs)        000F61
_ADREF                                         (abs)        000F58
_ADRESH                                        (abs)        000F64
_ADRESL                                        (abs)        000F63
_ADRPT                                         (abs)        000F66
_ADSTAT                                        (abs)        000F65
_ADSTATbits                                    (abs)        000F65
_ADSTPTH                                       (abs)        000F69
_ADSTPTL                                       (abs)        000F68
_ADUTHH                                        (abs)        000F6D
_ADUTHL                                        (abs)        000F6C
_ANSELA                                        (abs)        000E92
_ANSELB                                        (abs)        000E9A
_ANSELD                                        (abs)        000EA7
_ANSELE                                        (abs)        000EAF
_ANSELF                                        (abs)        000EB4
_ANSELG                                        (abs)        000EBC
_CCPTMRS1bits                                  (abs)        000FAE
_CLOCK_Initialize                              text51       00286E
_INLVLA                                        (abs)        000E8E
_INLVLB                                        (abs)        000E96
_INLVLC                                        (abs)        000E9E
_INLVLD                                        (abs)        000EA3
_INLVLE                                        (abs)        000EAB
_INLVLF                                        (abs)        000EB0
_INLVLG                                        (abs)        000EB8
_INLVLH                                        (abs)        000EBD
_INT0_DefaultInterruptHandler                  (abs)        000000
_INT0_InterruptHandler                         nvCOMRAM     00005D
_INT0_SetInterruptHandler                      text50       0028D0
_INT1_DefaultInterruptHandler                  (abs)        000000
_INT1_InterruptHandler                         nvCOMRAM     00005B
_INT1_SetInterruptHandler                      text49       0028C6
_INT2_DefaultInterruptHandler                  (abs)        000000
_INT2_InterruptHandler                         nvCOMRAM     000059
_INT2_SetInterruptHandler                      text48       0028BC
_INT3_DefaultInterruptHandler                  (abs)        000000
_INT3_InterruptHandler                         nvCOMRAM     000057
_INT3_SetInterruptHandler                      text47       0028B2
_INTCONbits                                    (abs)        000FF2
_INTERRUPT_Initialize                          text46       0024E8
_INTERRUPT_InterruptManager                    intcode      000008
_IOCBF                                         (abs)        000E93
_IOCBN                                         (abs)        000E94
_IOCBP                                         (abs)        000E95
_IOCCF                                         (abs)        000E9B
_IOCCN                                         (abs)        000E9C
_IOCCP                                         (abs)        000E9D
_IOCEF                                         (abs)        000EA8
_IOCEN                                         (abs)        000EA9
_IOCEP                                         (abs)        000EAA
_IOCGF                                         (abs)        000EB5
_IOCGN                                         (abs)        000EB6
_IOCGP                                         (abs)        000EB7
_LATA                                          (abs)        000F79
_LATAbits                                      (abs)        000F79
_LATB                                          (abs)        000F7A
_LATBbits                                      (abs)        000F7A
_LATC                                          (abs)        000F7B
_LATD                                          (abs)        000F7C
_LATDbits                                      (abs)        000F7C
_LATE                                          (abs)        000F7D
_LATEbits                                      (abs)        000F7D
_LATF                                          (abs)        000F7E
_LATFbits                                      (abs)        000F7E
_LATG                                          (abs)        000F7F
_LATH                                          (abs)        000F80
_ODCONA                                        (abs)        000E90
_ODCONB                                        (abs)        000E98
_ODCONC                                        (abs)        000EA0
_ODCOND                                        (abs)        000EA5
_ODCONE                                        (abs)        000EAD
_ODCONF                                        (abs)        000EB2
_ODCONG                                        (abs)        000EBA
_ODCONH                                        (abs)        000EBF
_OSCCON1                                       (abs)        000E43
_OSCCON3                                       (abs)        000E45
_OSCEN                                         (abs)        000E47
_OSCFRQ                                        (abs)        000E49
_OSCTUNE                                       (abs)        000E48
_PIE0bits                                      (abs)        000E29
_PIE1bits                                      (abs)        000E2A
_PIN_MANAGER_Initialize                        text45       001FAE
_PIR0bits                                      (abs)        000E33
_PIR1bits                                      (abs)        000E34
_PIR5bits                                      (abs)        000E38
_PORTAbits                                     (abs)        000F89
_PORTBbits                                     (abs)        000F8A
_PORTCbits                                     (abs)        000F8B
_PR2                                           (abs)        000FBC
_PR4                                           (abs)        000FB6
_PR6                                           (abs)        000FB0
_PR8                                           (abs)        000F29
_PWM6CON                                       (abs)        000FA4
_PWM6DCH                                       (abs)        000FA3
_PWM6DCL                                       (abs)        000FA2
_PWM6_Initialize                               text44       00285C
_PWM6_LoadDutyValue                            text14       002644
_RE6PPS                                        (abs)        000E78
_SLRCONA                                       (abs)        000E8F
_SLRCONB                                       (abs)        000E97
_SLRCONC                                       (abs)        000E9F
_SLRCOND                                       (abs)        000EA4
_SLRCONE                                       (abs)        000EAC
_SLRCONF                                       (abs)        000EB1
_SLRCONG                                       (abs)        000EB9
_SLRCONH                                       (abs)        000EBE
_SYSTEM_Initialize                             text33       00272C
_T0CON0                                        (abs)        000FD5
_T0CON0bits                                    (abs)        000FD5
_T0CON1                                        (abs)        000FD6
_T2CLKCON                                      (abs)        000FBF
_T2CON                                         (abs)        000FBD
_T2CONbits                                     (abs)        000FBD
_T2HLT                                         (abs)        000FBE
_T2HLTbits                                     (abs)        000FBE
_T2PR                                          (abs)        000FBC
_T2RST                                         (abs)        000FC0
_T2RSTbits                                     (abs)        000FC0
_T2TMR                                         (abs)        000FBB
_T4CLKCON                                      (abs)        000FB9
_T4CON                                         (abs)        000FB7
_T4CONbits                                     (abs)        000FB7
_T4HLT                                         (abs)        000FB8
_T4HLTbits                                     (abs)        000FB8
_T4INPPS                                       (abs)        000DFE
_T4PR                                          (abs)        000FB6
_T4RST                                         (abs)        000FBA
_T4RSTbits                                     (abs)        000FBA
_T4TMR                                         (abs)        000FB5
_T6CLKCON                                      (abs)        000FB3
_T6CON                                         (abs)        000FB1
_T6CONbits                                     (abs)        000FB1
_T6HLT                                         (abs)        000FB2
_T6HLTbits                                     (abs)        000FB2
_T6INPPS                                       (abs)        000DFF
_T6PR                                          (abs)        000FB0
_T6RST                                         (abs)        000FB4
_T6RSTbits                                     (abs)        000FB4
_T6TMR                                         (abs)        000FAF
_T8CLKCON                                      (abs)        000F2C
_T8CON                                         (abs)        000F2A
_T8CONbits                                     (abs)        000F2A
_T8HLT                                         (abs)        000F2B
_T8HLTbits                                     (abs)        000F2B
_T8INPPS                                       (abs)        000E00
_T8PR                                          (abs)        000F29
_T8RST                                         (abs)        000F2D
_T8RSTbits                                     (abs)        000F2D
_T8TMR                                         (abs)        000F28
_TMR0H                                         (abs)        000FD4
_TMR0IF                                        (abs)        00719D
_TMR0L                                         (abs)        000FD3
_TMR0_DefaultOverflowCallback                  (abs)        000000
_TMR0_Initialize                               text42       002800
_TMR0_OverflowCallback                         nvBANK0      0000E6
_TMR0_OverflowCallbackRegister                 text43       0028A8
_TMR0_Reload                                   (abs)        000000
_TMR0_Start                                    (abs)        000000
_TMR0_Stop                                     (abs)        000000
_TMR0_Tasks                                    (abs)        000000
_TMR2                                          (abs)        000FBB
_TMR2_DefaultOverflowCallback                  (abs)        000000
_TMR2_Initialize                               text40       002756
_TMR2_OverflowCallback                         nvBANK0      0000E8
_TMR2_OverflowCallbackRegister                 text41       00289E
_TMR2_PeriodCountSet                           (abs)        000000
_TMR2_Start                                    (abs)        000000
_TMR2_Stop                                     (abs)        000000
_TMR2_Tasks                                    (abs)        000000
_TMR4                                          (abs)        000FB5
_TMR4_DefaultOverflowCallback                  (abs)        000000
_TMR4_Initialize                               text38       0027E0
_TMR4_OverflowCallback                         nvBANK0      0000EA
_TMR4_OverflowCallbackRegister                 text39       002894
_TMR4_PeriodCountSet                           (abs)        000000
_TMR4_Start                                    (abs)        000000
_TMR4_Stop                                     (abs)        000000
_TMR4_Tasks                                    (abs)        000000
_TMR6                                          (abs)        000FAF
_TMR6_DefaultOverflowCallback                  (abs)        000000
_TMR6_Initialize                               text36       0027C0
_TMR6_OverflowCallback                         nvBANK0      0000EC
_TMR6_OverflowCallbackRegister                 text37       00288A
_TMR6_PeriodCountSet                           (abs)        000000
_TMR6_Start                                    (abs)        000000
_TMR6_Stop                                     (abs)        000000
_TMR6_Tasks                                    (abs)        000000
_TMR8                                          (abs)        000F28
_TMR8_DefaultOverflowCallback                  (abs)        000000
_TMR8_Initialize                               text34       00277C
_TMR8_OverflowCallback                         nvBANK0      0000EE
_TMR8_OverflowCallbackRegister                 text35       002880
_TMR8_PeriodCountSet                           (abs)        000000
_TMR8_Start                                    (abs)        000000
_TMR8_Stop                                     (abs)        000000
_TMR8_Tasks                                    (abs)        000000
_TRISA                                         (abs)        000F81
_TRISB                                         (abs)        000F82
_TRISBbits                                     (abs)        000F82
_TRISC                                         (abs)        000F83
_TRISD                                         (abs)        000F84
_TRISDbits                                     (abs)        000F84
_TRISE                                         (abs)        000F85
_TRISEbits                                     (abs)        000F85
_TRISF                                         (abs)        000F86
_TRISFbits                                     (abs)        000F86
_TRISG                                         (abs)        000F87
_TRISH                                         (abs)        000F88
_Timer0                                        smallconst   000801
_Timer2                                        smallconst   00080D
_Timer4                                        smallconst   000819
_Timer6                                        smallconst   000825
_Timer8                                        smallconst   000831
_WPUA                                          (abs)        000E91
_WPUB                                          (abs)        000E99
_WPUBbits                                      (abs)        000E99
_WPUC                                          (abs)        000EA1
_WPUD                                          (abs)        000EA6
_WPUE                                          (abs)        000EAE
_WPUF                                          (abs)        000EB3
_WPUG                                          (abs)        000EBB
_WPUH                                          (abs)        000EC0
__HRAM                                         (abs)        000000
__H__absolute__                                __absolute__ 000000
__Habs1                                        abs1         000000
__Hbank0                                       bank0        000000
__Hbank1                                       bank1        000000
__Hbank2                                       bank2        000000
__Hbank3                                       bank3        000000
__Hbank4                                       bank4        000000
__Hbank5                                       bank5        000000
__Hbank6                                       bank6        000000
__Hbank7                                       bank7        000000
__Hbigbss                                      bigbss       000000
__Hbigdata                                     bigdata      000000
__Hbigram                                      bigram       000000
__Hbigsfr                                      bigsfr       000000
__Hbss                                         bss          000000
__HbssBANK0                                    bssBANK0     000000
__HbssCOMRAM                                   bssCOMRAM    000000
__Hcinit                                       cinit        000000
__Hclrtext                                     clrtext      000000
__Hcomram                                      comram       000000
__Hconfig                                      config       30000C
__Hconst                                       const        000000
__HcstackCOMRAM                                cstackCOMRAM 000000
__Hdata                                        data         000000
__HdataBANK0                                   dataBANK0    000000
__HdataCOMRAM                                  dataCOMRAM   000000
__Heeprom_data                                 eeprom_data  000000
__Hfarbss                                      farbss       000000
__Hfardata                                     fardata      000000
__Hheap                                        heap         000000
__Hibigdata                                    ibigdata     000000
__Hidata                                       idata        000000
__HidataBANK0                                  idataBANK0   000000
__HidataCOMRAM                                 idataCOMRAM  000000
__Hidloc                                       idloc        000000
__Hifardata                                    ifardata     000000
__Hinit                                        init         00006A
__Hintcode                                     intcode      000066
__Hintcode_body                                intcode_body 000000
__Hintcodelo                                   intcodelo    000018
__Hintentry                                    intentry     000000
__Hintret                                      intret       000000
__Hintsave_regs                                intsave_regs 000000
__Hirdata                                      irdata       000000
__Hmediumconst                                 mediumconst  000000
__HnvBANK0                                     nvBANK0      000000
__HnvCOMRAM                                    nvCOMRAM     000000
__HnvFARRAM                                    nvFARRAM     000000
__Hnvbit                                       nvbit        000000
__Hnvrram                                      nvrram       000000
__Hparam                                       rparam       000000
__Hpowerup                                     powerup      000000
__Hram                                         ram          000000
__Hramtop                                      ramtop       000800
__Hrbit                                        rbit         000000
__Hrbss                                        rbss         000000
__Hrdata                                       rdata        000000
__Hreset_vec                                   reset_vec    000006
__Hrparam                                      rparam       000000
__Hsfr                                         sfr          000000
__Hsivt_hi                                     sivt_hi      000000
__Hsivt_lo                                     sivt_lo      000018
__Hsmallconst                                  smallconst   00083E
__Hspace_0                                     (abs)        0028E6
__Hspace_1                                     (abs)        0000F0
__Hspace_2                                     (abs)        000000
__Hspace_4                                     (abs)        60000C
__Hstack                                       stack        000000
__Hstruct                                      struct       000000
__Htemp                                        temp         000060
__Htext                                        text         000000
__Htext0                                       text0        000000
__Htext1                                       text1        000000
__Htext10                                      text10       000000
__Htext11                                      text11       000000
__Htext12                                      text12       000000
__Htext13                                      text13       000000
__Htext14                                      text14       000000
__Htext15                                      text15       000000
__Htext16                                      text16       000000
__Htext17                                      text17       000000
__Htext18                                      text18       000000
__Htext19                                      text19       000000
__Htext2                                       text2        000000
__Htext20                                      text20       000000
__Htext21                                      text21       000000
__Htext22                                      text22       000000
__Htext23                                      text23       000000
__Htext24                                      text24       000000
__Htext25                                      text25       000000
__Htext26                                      text26       000000
__Htext27                                      text27       000000
__Htext28                                      text28       000000
__Htext29                                      text29       000000
__Htext3                                       text3        000000
__Htext30                                      text30       000000
__Htext31                                      text31       000000
__Htext32                                      text32       000000
__Htext33                                      text33       000000
__Htext34                                      text34       000000
__Htext35                                      text35       000000
__Htext36                                      text36       000000
__Htext37                                      text37       000000
__Htext38                                      text38       000000
__Htext39                                      text39       000000
__Htext4                                       text4        000000
__Htext40                                      text40       000000
__Htext41                                      text41       000000
__Htext42                                      text42       000000
__Htext43                                      text43       000000
__Htext44                                      text44       000000
__Htext45                                      text45       000000
__Htext46                                      text46       000000
__Htext47                                      text47       000000
__Htext48                                      text48       000000
__Htext49                                      text49       000000
__Htext5                                       text5        000000
__Htext50                                      text50       000000
__Htext51                                      text51       000000
__Htext52                                      text52       000000
__Htext54                                      text54       000000
__Htext55                                      text55       000000
__Htext6                                       text6        000000
__Htext7                                       text7        000000
__Htext8                                       text8        000000
__Htext9                                       text9        000000
__LRAM                                         (abs)        000001
__L__absolute__                                __absolute__ 000000
__Labs1                                        abs1         000000
__Lbank0                                       bank0        000000
__Lbank1                                       bank1        000000
__Lbank2                                       bank2        000000
__Lbank3                                       bank3        000000
__Lbank4                                       bank4        000000
__Lbank5                                       bank5        000000
__Lbank6                                       bank6        000000
__Lbank7                                       bank7        000000
__Lbigbss                                      bigbss       000000
__Lbigdata                                     bigdata      000000
__Lbigram                                      bigram       000000
__Lbigsfr                                      bigsfr       000000
__Lbss                                         bss          000000
__LbssBANK0                                    bssBANK0     000000
__LbssCOMRAM                                   bssCOMRAM    000000
__Lcinit                                       cinit        000000
__Lclrtext                                     clrtext      000000
__Lcomram                                      comram       000000
__Lconfig                                      config       000000
__Lconst                                       const        000000
__LcstackCOMRAM                                cstackCOMRAM 000000
__Ldata                                        data         000000
__LdataBANK0                                   dataBANK0    000000
__LdataCOMRAM                                  dataCOMRAM   000000
__Leeprom_data                                 eeprom_data  000000
__Lfarbss                                      farbss       000000
__Lfardata                                     fardata      000000
__Lheap                                        heap         000000
__Libigdata                                    ibigdata     000000
__Lidata                                       idata        000000
__LidataBANK0                                  idataBANK0   000000
__LidataCOMRAM                                 idataCOMRAM  000000
__Lidloc                                       idloc        000000
__Lifardata                                    ifardata     000000
__Linit                                        init         000066
__Lintcode                                     intcode      000008
__Lintcode_body                                intcode_body 000000
__Lintcodelo                                   intcodelo    000018
__Lintentry                                    intentry     000000
__Lintret                                      intret       000000
__Lintsave_regs                                intsave_regs 000000
__Lirdata                                      irdata       000000
__Lmediumconst                                 mediumconst  000000
__LnvBANK0                                     nvBANK0      000000
__LnvCOMRAM                                    nvCOMRAM     000000
__LnvFARRAM                                    nvFARRAM     000000
__Lnvbit                                       nvbit        000000
__Lnvrram                                      nvrram       000000
__Lparam                                       rparam       000000
__Lpowerup                                     powerup      000000
__Lram                                         ram          000000
__Lramtop                                      ramtop       000800
__Lrbit                                        rbit         000000
__Lrbss                                        rbss         000000
__Lrdata                                       rdata        000000
__Lreset_vec                                   reset_vec    000000
__Lrparam                                      rparam       000000
__Lsfr                                         sfr          000000
__Lsivt_hi                                     sivt_hi      000000
__Lsivt_lo                                     sivt_lo      000018
__Lsmallconst                                  smallconst   000800
__Lspace_0                                     (abs)        000000
__Lspace_1                                     (abs)        000000
__Lspace_2                                     (abs)        000000
__Lspace_4                                     (abs)        000000
__Lstack                                       stack        000000
__Lstruct                                      struct       000000
__Ltemp                                        temp         00005F
__Ltext                                        text         000000
__Ltext0                                       text0        000000
__Ltext1                                       text1        000000
__Ltext10                                      text10       000000
__Ltext11                                      text11       000000
__Ltext12                                      text12       000000
__Ltext13                                      text13       000000
__Ltext14                                      text14       000000
__Ltext15                                      text15       000000
__Ltext16                                      text16       000000
__Ltext17                                      text17       000000
__Ltext18                                      text18       000000
__Ltext19                                      text19       000000
__Ltext2                                       text2        000000
__Ltext20                                      text20       000000
__Ltext21                                      text21       000000
__Ltext22                                      text22       000000
__Ltext23                                      text23       000000
__Ltext24                                      text24       000000
__Ltext25                                      text25       000000
__Ltext26                                      text26       000000
__Ltext27                                      text27       000000
__Ltext28                                      text28       000000
__Ltext29                                      text29       000000
__Ltext3                                       text3        000000
__Ltext30                                      text30       000000
__Ltext31                                      text31       000000
__Ltext32                                      text32       000000
__Ltext33                                      text33       000000
__Ltext34                                      text34       000000
__Ltext35                                      text35       000000
__Ltext36                                      text36       000000
__Ltext37                                      text37       000000
__Ltext38                                      text38       000000
__Ltext39                                      text39       000000
__Ltext4                                       text4        000000
__Ltext40                                      text40       000000
__Ltext41                                      text41       000000
__Ltext42                                      text42       000000
__Ltext43                                      text43       000000
__Ltext44                                      text44       000000
__Ltext45                                      text45       000000
__Ltext46                                      text46       000000
__Ltext47                                      text47       000000
__Ltext48                                      text48       000000
__Ltext49                                      text49       000000
__Ltext5                                       text5        000000
__Ltext50                                      text50       000000
__Ltext51                                      text51       000000
__Ltext52                                      text52       000000
__Ltext54                                      text54       000000
__Ltext55                                      text55       000000
__Ltext6                                       text6        000000
__Ltext7                                       text7        000000
__Ltext8                                       text8        000000
__Ltext9                                       text9        000000
__S0                                           (abs)        0028E6
__S1                                           (abs)        0000F0
__S4                                           (abs)        000000
__S5                                           (abs)        000000
___awdiv                                       text24       001E2A
___awdiv@counter                               cstackCOMRAM 000027
___awdiv@dividend                              cstackCOMRAM 000023
___awdiv@divisor                               cstackCOMRAM 000025
___awdiv@quotient                              cstackCOMRAM 000029
___awdiv@sign                                  cstackCOMRAM 000028
___fladd                                       text13       00083E
___fladd@a                                     cstackCOMRAM 000027
___fladd@aexp                                  cstackCOMRAM 000030
___fladd@b                                     cstackCOMRAM 000023
___fladd@bexp                                  cstackCOMRAM 000031
___fladd@grs                                   cstackCOMRAM 000032
___fladd@signs                                 cstackCOMRAM 00002F
___flge                                        text12       001B44
___flge@ff1                                    cstackCOMRAM 000023
___flge@ff2                                    cstackCOMRAM 000027
___flsub                                       text7        00257E
___flsub@a                                     cstackCOMRAM 000037
___flsub@b                                     cstackCOMRAM 000033
___fltol                                       text11       001A3E
___fltol@exp1                                  cstackCOMRAM 00002C
___fltol@f1                                    cstackCOMRAM 000023
___fltol@sign1                                 cstackCOMRAM 00002B
___heap_hi                                     (abs)        000000
___heap_lo                                     (abs)        000000
___inthi_sp                                    stack        000000
___inthi_stack_hi                              stack        000000
___inthi_stack_lo                              stack        000000
___intlo_sp                                    stack        000000
___intlo_stack_hi                              stack        000000
___intlo_stack_lo                              stack        000000
___lldiv                                       text32       00206C
___lldiv@counter                               cstackCOMRAM 00003B
___lldiv@dividend                              cstackCOMRAM 00002F
___lldiv@divisor                               cstackCOMRAM 000033
___lldiv@quotient                              cstackCOMRAM 000037
___lmul                                        text31       002308
___lmul@multiplicand                           cstackCOMRAM 000027
___lmul@multiplier                             cstackCOMRAM 000023
___lmul@product                                cstackCOMRAM 00002B
___lwdiv                                       text30       002294
___lwdiv@counter                               cstackCOMRAM 000029
___lwdiv@dividend                              cstackCOMRAM 000023
___lwdiv@divisor                               cstackCOMRAM 000025
___lwdiv@quotient                              cstackCOMRAM 000027
___param_bank                                  (abs)        000000
___rparam_used                                 (abs)        000001
___sp                                          stack        000000
___stack_hi                                    stack        000000
___stack_lo                                    stack        000000
___xxtofl                                      text10       0013CA
___xxtofl@arg                                  cstackCOMRAM 00002D
___xxtofl@exp                                  cstackCOMRAM 00002C
___xxtofl@sign                                 cstackCOMRAM 00002B
___xxtofl@val                                  cstackCOMRAM 000023
__accesstop                                    (abs)        000060
__activetblptr                                 (abs)        000002
__end_of_ADC_ChannelSelectAndConvert           text28       00272C
__end_of_ADC_ISR                               text55       0028E6
__end_of_ADC_Initialize                        text52       0024E8
__end_of_ADC_ThresholdISR                      text54       0028E0
__end_of_CLOCK_Initialize                      text51       002880
__end_of_INT0_SetInterruptHandler              text50       0028DA
__end_of_INT1_SetInterruptHandler              text49       0028D0
__end_of_INT2_SetInterruptHandler              text48       0028C6
__end_of_INT3_SetInterruptHandler              text47       0028BC
__end_of_INTERRUPT_Initialize                  text46       002534
__end_of_INTERRUPT_InterruptManager            intcode      000066
__end_of_PIN_MANAGER_Initialize                text45       00206C
__end_of_PWM6_Initialize                       text44       00286E
__end_of_PWM6_LoadDutyValue                    text14       002678
__end_of_SYSTEM_Initialize                     text33       002756
__end_of_TMR0_Initialize                       text42       002820
__end_of_TMR0_OverflowCallbackRegister         text43       0028B2
__end_of_TMR2_Initialize                       text40       00277C
__end_of_TMR2_OverflowCallbackRegister         text41       0028A8
__end_of_TMR4_Initialize                       text38       002800
__end_of_TMR4_OverflowCallbackRegister         text39       00289E
__end_of_TMR6_Initialize                       text36       0027E0
__end_of_TMR6_OverflowCallbackRegister         text37       002894
__end_of_TMR8_Initialize                       text34       0027A0
__end_of_TMR8_OverflowCallbackRegister         text35       00288A
__end_of_Timer0                                smallconst   00080D
__end_of_Timer2                                smallconst   000819
__end_of_Timer4                                smallconst   000825
__end_of_Timer6                                smallconst   000831
__end_of_Timer8                                smallconst   00083D
__end_of___awdiv                               text24       001EEC
__end_of___fladd                               text13       000CF4
__end_of___flge                                text12       001C48
__end_of___flsub                               text7        0025C4
__end_of___fltol                               text11       001B44
__end_of___lldiv                               text32       002110
__end_of___lmul                                text31       002372
__end_of___lwdiv                               text30       002308
__end_of___xxtofl                              text10       00157E
__end_of__initialization                       cinit        0023CA
__end_of_calculateRPM                          text29       001FAE
__end_of_closeSafety_check                     text26       0026D4
__end_of_commandFilter                         text22       0013CA
__end_of_cycle_nsleep                          text25       0027C0
__end_of_getAverageMotorCurrent                text23       002490
__end_of_inputs                                text21       001E2A
__end_of_ledControl                            text16       00285C
__end_of_limitLed                              text20       00221C
__end_of_main                                  text0        00257E
__end_of_motorClose                            text9        001706
__end_of_motorDirectionLED                     text19       002644
__end_of_motorOpen                             text8        001932
__end_of_motorStop                             text6        00181C
__end_of_openSafety_check                      text15       0026A6
__end_of_resistive_safetyCheck                 text27       002608
__end_of_rockoStateMachine                     text5        001110
__end_of_safetyLed                             text18       001D3E
__end_of_stopLed                               text17       002700
__end_of_timerInterruptHandler                 text3        00284A
__end_of_timers                                text1        002434
__end_of_updatePulsesAndDirection              text4        00219E
__end_of_updateTimer                           text2        001A3E
__initialization                               cinit        002372
__mediumconst                                  smallconst   000800
__pbssBANK0                                    bssBANK0     0000D8
__pbssCOMRAM                                   bssCOMRAM    000001
__pcinit                                       cinit        002372
__pcstackCOMRAM                                cstackCOMRAM 000023
__pdataBANK0                                   dataBANK0    000060
__pdataCOMRAM                                  dataCOMRAM   000040
__pidataBANK0                                  idataBANK0   00221C
__pidataCOMRAM                                 idataCOMRAM  002820
__pintcode                                     intcode      000008
__pnvBANK0                                     nvBANK0      0000E6
__pnvCOMRAM                                    nvCOMRAM     000057
__psmallconst                                  smallconst   000800
__ptext0                                       text0        002534
__ptext1                                       text1        0023D8
__ptext10                                      text10       0013CA
__ptext11                                      text11       001A3E
__ptext12                                      text12       001B44
__ptext13                                      text13       00083E
__ptext14                                      text14       002644
__ptext15                                      text15       002678
__ptext16                                      text16       00284A
__ptext17                                      text17       0026D4
__ptext18                                      text18       001C48
__ptext19                                      text19       002608
__ptext2                                       text2        001932
__ptext20                                      text20       00219E
__ptext21                                      text21       001D3E
__ptext22                                      text22       001110
__ptext23                                      text23       002434
__ptext24                                      text24       001E2A
__ptext25                                      text25       0027A0
__ptext26                                      text26       0026A6
__ptext27                                      text27       0025C4
__ptext28                                      text28       002700
__ptext29                                      text29       001EEC
__ptext3                                       text3        002838
__ptext30                                      text30       002294
__ptext31                                      text31       002308
__ptext32                                      text32       00206C
__ptext33                                      text33       00272C
__ptext34                                      text34       00277C
__ptext35                                      text35       002880
__ptext36                                      text36       0027C0
__ptext37                                      text37       00288A
__ptext38                                      text38       0027E0
__ptext39                                      text39       002894
__ptext4                                       text4        002110
__ptext40                                      text40       002756
__ptext41                                      text41       00289E
__ptext42                                      text42       002800
__ptext43                                      text43       0028A8
__ptext44                                      text44       00285C
__ptext45                                      text45       001FAE
__ptext46                                      text46       0024E8
__ptext47                                      text47       0028B2
__ptext48                                      text48       0028BC
__ptext49                                      text49       0028C6
__ptext5                                       text5        000CF4
__ptext50                                      text50       0028D0
__ptext51                                      text51       00286E
__ptext52                                      text52       002490
__ptext54                                      text54       0028DA
__ptext55                                      text55       0028E0
__ptext6                                       text6        001706
__ptext7                                       text7        00257E
__ptext8                                       text8        00181C
__ptext9                                       text9        00157E
__ramtop                                       ramtop       000800
__smallconst                                   smallconst   000800
_adc_busy_status                               bssCOMRAM    000022
_calculateRPM                                  text29       001EEC
_closeLimit                                    dataBANK0    000060
_closeSafety1                                  dataBANK0    0000AE
_closeSafety2                                  dataBANK0    0000A8
_closeSafety_check                             text26       0026A6
_cmdAuxOpen                                    dataBANK0    000088
_cmdClose                                      dataBANK0    000098
_cmdOpen                                       dataBANK0    0000A0
_cmdReverse                                    dataBANK0    000080
_cmdSingle                                     dataBANK0    000090
_cmdStopPb                                     dataBANK0    000078
_cmdStopSw                                     dataBANK0    000070
_command                                       bssBANK0     0000D8
_commandFilter                                 text22       001110
_currentDutyCycle                              dataCOMRAM   000046
_currentTime                                   bssCOMRAM    000005
_current_time                                  bssCOMRAM    000011
_cycle_nsleep                                  text25       0027A0
_delayBeforeReverse                            dataCOMRAM   000051
_dircetion                                     dataCOMRAM   00004A
_direction                                     bssCOMRAM    000021
_dutyAccumulator                               bssCOMRAM    000001
_getAverageMotorCurrent                        text23       002434
_hornToggleTimer                               dataBANK0    0000CC
_inputs                                        text21       001D3E
_last_rpm_calculation_time                     bssCOMRAM    000009
_ledControl                                    text16       00284A
_limitLed                                      text20       00219E
_main                                          text0        002534
_maxRunTimer                                   dataBANK0    0000C6
_motorClose                                    text9        00157E
_motorCurrent                                  bssCOMRAM    000019
_motorDelayTimer                               dataCOMRAM   00004B
_motorDelayTimerC                              dataBANK0    0000C0
_motorDirectionLED                             text19       002608
_motorOpen                                     text8        00181C
_motorStop                                     text6        001706
_openLimit                                     dataBANK0    000068
_openSafety1                                   dataBANK0    0000BA
_openSafety2                                   dataBANK0    0000B4
_openSafety_check                              text15       002678
_pulse_count_accumulated                       bssCOMRAM    00000D
_rampstep                                      bssCOMRAM    000015
_resistive_safetyCheck                         text27       0025C4
_reverseTimer                                  dataBANK0    0000D2
_rockoState                                    dataCOMRAM   000048
_rockoStateMachine                             text5        000CF4
_rpm                                           bssCOMRAM    000017
_safetyLed                                     text18       001C48
_stepSize                                      dataCOMRAM   000044
_stepSizeC                                     dataCOMRAM   000042
_stopLed                                       text17       0026D4
_timer                                         bssBANK0     0000E0
_timerInterruptHandler                         text3        002838
_timers                                        text1        0023D8
_topSpeed                                      dataCOMRAM   000040
_updatePulsesAndDirection                      text4        002110
_updateTimer                                   text2        001932
btemp                                          temp         00005F
commandFilter@commandName                      cstackCOMRAM 000023
commandFilter@getInput                         cstackCOMRAM 000028
end_of_initialization                          cinit        0023CA
getAverageMotorCurrent@i                       cstackCOMRAM 00002F
getAverageMotorCurrent@sum                     cstackCOMRAM 00002D
int$flags                                      temp         00005F
intlevel0                                      text         000000
intlevel1                                      text         000000
intlevel2                                      text         000000
intlevel3                                      text         000000
isa$std                                        (abs)        000001
isa$xinst                                      (abs)        000000
resistive_safetyCheck@adcValue                 cstackCOMRAM 000028
resistive_safetyCheck@safety                   cstackCOMRAM 00002A
stackhi                                        (abs)        000000
stacklo                                        (abs)        000000
start                                          init         000066
start_initialization                           cinit        002372
ttemp5                                         temp         000060
ttemp6                                         temp         000063
ttemp7                                         temp         000067
updatePulsesAndDirection@hall1_state           cstackCOMRAM 000023
updatePulsesAndDirection@hall2_state           cstackCOMRAM 000024
updatePulsesAndDirection@prev_hall1            bssCOMRAM    000020
updatePulsesAndDirection@prev_hall2            bssCOMRAM    00001F
updateTimer@reset                              cstackCOMRAM 000024
updateTimer@timerName                          cstackCOMRAM 000023
wtemp8                                         temp         000060


MODULE INFORMATION

Module		Function		Class		Link	Load	Size
C:\Program Files\Microchip\xc8\v3.00\pic\sources\c99\common\flge.c
		___flge        		CODE           	1B44	0000	260

C:\Program Files\Microchip\xc8\v3.00\pic\sources\c99\common\flge.c estimated size: 260

timers.c
		_timers        		CODE           	23D8	0000	92
		_updateTimer   		CODE           	1932	0000	268

timers.c estimated size: 360

ledControl.c
		_ledControl    		CODE           	284A	0000	18
		_safetyLed     		CODE           	1C48	0000	246
		_limitLed      		CODE           	219E	0000	126
		_stopLed       		CODE           	26D4	0000	44
		_motorDirectionLED		CODE           	2608	0000	60

ledControl.c estimated size: 494

rockoStateMachine.c
		_rockoStateMachine		CODE           	0CF4	0000	1052

rockoStateMachine.c estimated size: 1052

mcc_generated_files/system/src/interrupt.c
		_INT0_SetInterruptHandler		CODE           	28D0	0000	10
		_INT1_SetInterruptHandler		CODE           	28C6	0000	10
		_INT2_SetInterruptHandler		CODE           	28BC	0000	10
		_INTERRUPT_Initialize		CODE           	24E8	0000	76
		_INT3_SetInterruptHandler		CODE           	28B2	0000	10
		_INTERRUPT_InterruptManager		CODE           	0008	0000	94

mcc_generated_files/system/src/interrupt.c estimated size: 210

mcc_generated_files/adc/src/adc.c
		_ADC_Initialize		CODE           	2490	0000	88
		_ADC_ChannelSelectAndConvert		CODE           	2700	0000	44
		_ADC_ISR       		CODE           	28E0	0000	6
		_ADC_ThresholdISR		CODE           	28DA	0000	6

mcc_generated_files/adc/src/adc.c estimated size: 144

C:\Program Files\Microchip\xc8\v3.00\pic\sources\c99\common\Umul32.c
		___lmul        		CODE           	2308	0000	106

C:\Program Files\Microchip\xc8\v3.00\pic\sources\c99\common\Umul32.c estimated size: 106

mcc_generated_files/system/src/pins.c
		_PIN_MANAGER_Initialize		CODE           	1FAE	0000	190

mcc_generated_files/system/src/pins.c estimated size: 190

motorState.c
		_motorStop     		CODE           	1706	0000	278
		_motorClose    		CODE           	157E	0000	392
		_motorOpen     		CODE           	181C	0000	278

motorState.c estimated size: 948

C:\Program Files\Microchip\xc8\v3.00\pic\sources\c99\common\__lldiv.c
		___lldiv       		CODE           	206C	0000	164

C:\Program Files\Microchip\xc8\v3.00\pic\sources\c99\common\__lldiv.c estimated size: 164

shared
		_Timer4        		SMALLCONST     	0819	0000	12
		_Timer2        		SMALLCONST     	080D	0000	12
		_Timer8        		SMALLCONST     	0831	0000	12
		__initialization		CODE           	2372	0000	88
		_Timer0        		SMALLCONST     	0801	0000	12
		_Timer6        		SMALLCONST     	0825	0000	12

shared estimated size: 148

mcc_generated_files/timer/src/tmr8.c
		_TMR8_Initialize		CODE           	277C	0000	36
		_TMR8_OverflowCallbackRegister		CODE           	2880	0000	10

mcc_generated_files/timer/src/tmr8.c estimated size: 46

C:\Program Files\Microchip\xc8\v3.00\pic\sources\c99\common\xxtofl.c
		___xxtofl      		CODE           	13CA	0000	436

C:\Program Files\Microchip\xc8\v3.00\pic\sources\c99\common\xxtofl.c estimated size: 436

mcc_generated_files/timer/src/tmr6.c
		_TMR6_Initialize		CODE           	27C0	0000	32
		_TMR6_OverflowCallbackRegister		CODE           	288A	0000	10

mcc_generated_files/timer/src/tmr6.c estimated size: 42

mcc_generated_files/timer/src/tmr4.c
		_TMR4_Initialize		CODE           	27E0	0000	32
		_TMR4_OverflowCallbackRegister		CODE           	2894	0000	10

mcc_generated_files/timer/src/tmr4.c estimated size: 42

mcc_generated_files/timer/src/tmr2.c
		_TMR2_Initialize		CODE           	2756	0000	38
		_TMR2_OverflowCallbackRegister		CODE           	289E	0000	10

mcc_generated_files/timer/src/tmr2.c estimated size: 48

mcc_generated_files/system/src/clock.c
		_CLOCK_Initialize		CODE           	286E	0000	18

mcc_generated_files/system/src/clock.c estimated size: 18

C:\Program Files\Microchip\xc8\v3.00\pic\sources\c99\common\lwdiv.c
		___lwdiv       		CODE           	2294	0000	116

C:\Program Files\Microchip\xc8\v3.00\pic\sources\c99\common\lwdiv.c estimated size: 116

safety.c
		_openSafety_check		CODE           	2678	0000	46
		_resistive_safetyCheck		CODE           	25C4	0000	68
		_closeSafety_check		CODE           	26A6	0000	46

safety.c estimated size: 160

C:\Program Files\Microchip\xc8\v3.00\pic\sources\c99\common\awdiv.c
		___awdiv       		CODE           	1E2A	0000	194

C:\Program Files\Microchip\xc8\v3.00\pic\sources\c99\common\awdiv.c estimated size: 194

mcc_generated_files/timer/src/tmr0.c
		_TMR0_OverflowCallbackRegister		CODE           	28A8	0000	10
		_TMR0_Initialize		CODE           	2800	0000	32

mcc_generated_files/timer/src/tmr0.c estimated size: 42

C:\Program Files\Microchip\xc8\v3.00\pic\sources\c99\common\fltol.c
		___fltol       		CODE           	1A3E	0000	262

C:\Program Files\Microchip\xc8\v3.00\pic\sources\c99\common\fltol.c estimated size: 262

main.c
		_cycle_nsleep  		CODE           	27A0	0000	32
		_main          		CODE           	2534	0000	74
		_calculateRPM  		CODE           	1EEC	0000	194
		_getAverageMotorCurrent		CODE           	2434	0000	92
		_timerInterruptHandler		CODE           	2838	0000	18
		_updatePulsesAndDirection		CODE           	2110	0000	142

main.c estimated size: 552

C:\Program Files\Microchip\xc8\v3.00\pic\sources\c99\common\sprcadd.c
		___flsub       		CODE           	257E	0000	70
		___fladd       		CODE           	083E	0000	1206

C:\Program Files\Microchip\xc8\v3.00\pic\sources\c99\common\sprcadd.c estimated size: 1276

mcc_generated_files/system/src/system.c
		_SYSTEM_Initialize		CODE           	272C	0000	42

mcc_generated_files/system/src/system.c estimated size: 42

inputs.c
		_commandFilter 		CODE           	1110	0000	698
		_inputs        		CODE           	1D3E	0000	236

inputs.c estimated size: 934

mcc_generated_files/pwm/src/pwm6.c
		_PWM6_LoadDutyValue		CODE           	2644	0000	52
		_PWM6_Initialize		CODE           	285C	0000	18

mcc_generated_files/pwm/src/pwm6.c estimated size: 70

