Microchip MPLAB XC8 Compiler V3.00

Linker command line:

-W-3 \
  --edf=C:\Program Files\Microchip\xc8\v3.00\pic\dat\20241204225717_en.msgs \
  -cn -h+dist/default/debug\Rocko_v0.X.debug.sym \
  --cmf=dist/default/debug\Rocko_v0.X.debug.cmf -z -Q18F65K40 \
  -oC:\Users\jared\AppData\Local\Temp\xcAsp38.\driver_tmp_3.o \
  --fixupoverflow=error -Mdist/default/debug/Rocko_v0.X.debug.map \
  --md=C:\Users\jared\AppData\Local\Temp\xcAsp38.\driver_tmp_0.dat -E1 \
  -ver=XC8 Compiler -ACODE=00h-07FFFh -ACONST=00h-07FFFh \
  -ASMALLCONST=0800h-08FFhx120 -AMEDIUMCONST=0800h-07FFFh -ACOMRAM=01h-05Fh \
  -AABS1=00h-07FFh -ABIGRAM=01h-07FFh -ARAM=060h-0FFh,0100h-01FFhx7 \
  -ABANK0=060h-0FFh -ABANK1=0100h-01FFh -ABANK2=0200h-02FFh \
  -ABANK3=0300h-03FFh -ABANK4=0400h-04FFh -ABANK5=0500h-05FFh \
  -ABANK6=0600h-06FFh -ABANK7=0700h-07FFh \
  -ASFR=0DEFh-0DFFh,0E00h-0EFFh,0F00h-0F5Fh,0F60h-0FFFh \
  -ABIGSFR=0DEFh-0FFFh -ACONFIG=0300000h-030000Bh -AIDLOC=0200000h-020000Fh \
  -AEEDATA=0310000h-03103FFh -peeprom_data=EEDATA \
  -preset_vec=00h,intcode=8h,intcodelo=18h,sivt_lo,sivt_hi=CODE \
  -ppowerup=CODE,init -pramtop=0800h -psmallconst=SMALLCONST \
  -pmediumconst=MEDIUMCONST -pconst=CONST -AFARRAM=00h-00h \
  -prdata=COMRAM,nvrram=COMRAM,nvbit=COMRAM,rbss=COMRAM,rbit=COMRAM \
  -pfarbss=FARRAM,fardata=FARRAM,nvFARRAM=FARRAM \
  -pintsave_regs=BIGRAM,bigbss=BIGRAM,bigdata=BIGRAM -pbss=RAM \
  -pidata=CODE,irdata=CODE,ibigdata=CODE,ifardata=CODE -prparam=COMRAM \
  C:\Users\jared\AppData\Local\Temp\xcAsp38.\driver_tmp_9.o \
  dist/default/debug\Rocko_v0.X.debug.o 

Object code version is 3.11

Machine type is 18F65K40



                Name                               Link     Load   Length Selector   Space Scale
C:\Users\jared\AppData\Local\Temp\xcAsp38.\driver_tmp_9.o
                config                           300000   300000        C        0       4
                init                                 9E       9E        4        4       0
                reset_vec                             0        0        6        0       0
dist/default/debug\Rocko_v0.X.debug.o
                intcode                               8        8       96        4       0
                config                           300000   300000        C        0       4
                temp                                 5D       5D        1        1       1
                smallconst                          800      800       3E      400       0
                text55                             2498     2498        6      41F       0
                text54                             2492     2492        6      41F       0
                text53                             24A0     24A0        2      41F       0
                text52                             2138     2138       32      41F       0
                text51                             249E     249E        2      41F       0
                text50                             2106     2106       32      41F       0
                text49                             22FA     22FA       2A      41F       0
                text47                             1F68     1F68       58      41F       0
                text46                             2412     2412       12      41F       0
                text45                             2488     2488        A      41F       0
                text44                             247E     247E        A      41F       0
                text43                             2474     2474        A      41F       0
                text42                             246A     246A        A      41F       0
                text41                             1FC0     1FC0       4C      41F       0
                text40                             2460     2460        A      41F       0
                text39                             2456     2456        A      41F       0
                text38                             1CE2     1CE2       E0      41F       0
                text37                             2400     2400       12      41F       0
                text36                             244C     244C        A      41F       0
                text35                             23CE     23CE       20      41F       0
                text34                             2442     2442        A      41F       0
                text33                             2324     2324       26      41F       0
                text32                             2438     2438        A      41F       0
                text31                             23AE     23AE       20      41F       0
                text30                             242E     242E        A      41F       0
                text29                             238E     238E       20      41F       0
                text28                             2424     2424        A      41F       0
                text27                             234A     234A       24      41F       0
                text26                             22D0     22D0       2A      41F       0
                text25                             1580     1580      154      41F       0
                text24                             227A     227A       2C      41F       0
                text23                             2052     2052       44      41F       0
                text22                             21C8     21C8       2E      41F       0
                text21                             236E     236E       20      41F       0
                text20                             1112     1112      2BA      41F       0
                text19                             1BF6     1BF6       EC      41F       0
                text18                             1DC2     1DC2       7E      41F       0
                text17                             2096     2096       3C      41F       0
                text16                             1B00     1B00       F6      41F       0
                text15                             22A6     22A6       2A      41F       0
                text14                             23EE     23EE       12      41F       0
                text13                             219A     219A       2E      41F       0
                text12                             20D2     20D2       34      41F       0
                text11                             224E     224E       2C      41F       0
                text10                             2222     2222       2C      41F       0
                text9                              19FC     19FC      104      41F       0
                text8                               83E      83E      4B6      41F       0
                text7                              200C     200C       46      41F       0
                text6                              18F6     18F6      106      41F       0
                text5                              13CC     13CC      1B4      41F       0
                text4                              16D4     16D4      116      41F       0
                text3                               CF4      CF4      41E      41F       0
                text2                              17EA     17EA      10C      41F       0
                text1                              1F0C     1F0C       5C      41F       0
                text0                              216A     216A       30      41F       0
                cstackCOMRAM                         2D       2D       1A        1       1
                cstackBANK0                          E0       E0        2       60       1
                dataBANK0                            60       60       66       60       1
                bssBANK0                             C6       C6       12       60       1
                dataCOMRAM                            1        1       2C        1       1
                bssCOMRAM                            55       55        8        1       1
                cinit                              1EA6     1EA6       66      41F       0
                nvBANK0                              D8       D8        8       60       1
                nvCOMRAM                             47       47        E        1       1
                idataBANK0                         1E40     1E40       66      41F       0
                idataCOMRAM                        21F6     21F6       2C      41F       0

TOTAL           Name                               Link     Load   Length     Space
        CLASS   CODE           
                intcode                               8        8       96         0
                init                                 9E       9E        4         0
                reset_vec                             0        0        6         0
                text55                             2498     2498        6         0
                text54                             2492     2492        6         0
                text53                             24A0     24A0        2         0
                text52                             2138     2138       32         0
                text51                             249E     249E        2         0
                text50                             2106     2106       32         0
                text49                             22FA     22FA       2A         0
                text47                             1F68     1F68       58         0
                text46                             2412     2412       12         0
                text45                             2488     2488        A         0
                text44                             247E     247E        A         0
                text43                             2474     2474        A         0
                text42                             246A     246A        A         0
                text41                             1FC0     1FC0       4C         0
                text40                             2460     2460        A         0
                text39                             2456     2456        A         0
                text38                             1CE2     1CE2       E0         0
                text37                             2400     2400       12         0
                text36                             244C     244C        A         0
                text35                             23CE     23CE       20         0
                text34                             2442     2442        A         0
                text33                             2324     2324       26         0
                text32                             2438     2438        A         0
                text31                             23AE     23AE       20         0
                text30                             242E     242E        A         0
                text29                             238E     238E       20         0
                text28                             2424     2424        A         0
                text27                             234A     234A       24         0
                text26                             22D0     22D0       2A         0
                text25                             1580     1580      154         0
                text24                             227A     227A       2C         0
                text23                             2052     2052       44         0
                text22                             21C8     21C8       2E         0
                text21                             236E     236E       20         0
                text20                             1112     1112      2BA         0
                text19                             1BF6     1BF6       EC         0
                text18                             1DC2     1DC2       7E         0
                text17                             2096     2096       3C         0
                text16                             1B00     1B00       F6         0
                text15                             22A6     22A6       2A         0
                text14                             23EE     23EE       12         0
                text13                             219A     219A       2E         0
                text12                             20D2     20D2       34         0
                text11                             224E     224E       2C         0
                text10                             2222     2222       2C         0
                text9                              19FC     19FC      104         0
                text8                               83E      83E      4B6         0
                text7                              200C     200C       46         0
                text6                              18F6     18F6      106         0
                text5                              13CC     13CC      1B4         0
                text4                              16D4     16D4      116         0
                text3                               CF4      CF4      41E         0
                text2                              17EA     17EA      10C         0
                text1                              1F0C     1F0C       5C         0
                text0                              216A     216A       30         0
                cinit                              1EA6     1EA6       66         0
                idataBANK0                         1E40     1E40       66         0
                idataCOMRAM                        21F6     21F6       2C         0

        CLASS   CONST          

        CLASS   SMALLCONST     
                smallconst                          800      800       3E         0

        CLASS   MEDIUMCONST    

        CLASS   COMRAM         
                temp                                 5D       5D        1         1
                cstackCOMRAM                         2D       2D       1A         1
                dataCOMRAM                            1        1       2C         1
                bssCOMRAM                            55       55        8         1
                nvCOMRAM                             47       47        E         1

        CLASS   ABS1           

        CLASS   BIGRAM         

        CLASS   RAM            

        CLASS   BANK0          
                cstackBANK0                          E0       E0        2         1
                dataBANK0                            60       60       66         1
                bssBANK0                             C6       C6       12         1
                nvBANK0                              D8       D8        8         1

        CLASS   BANK1          

        CLASS   BANK2          

        CLASS   BANK3          

        CLASS   BANK4          

        CLASS   BANK5          

        CLASS   BANK6          

        CLASS   BANK7          

        CLASS   SFR            

        CLASS   BIGSFR         

        CLASS   CONFIG         
                config                           300000   300000        C         4

        CLASS   IDLOC          

        CLASS   EEDATA         

        CLASS   FARRAM         

        CLASS   HEAP           

        CLASS   STACK          



SEGMENTS        Name                           Load    Length   Top    Selector   Space  Class

                reset_vec                      000000  000006  000006         0       0  CODE    
                dataCOMRAM                     000001  00005D  00005E         1       1  COMRAM  
                intcode                        000008  00009A  0000A2         4       0  CODE    
                dataBANK0                      000060  000082  0000E2        60       1  BANK0   
                smallconst                     000800  00003E  00083E       400       0  SMALLCON
                text8                          00083E  001C64  0024A2       41F       0  CODE    


UNUSED ADDRESS RANGES

        Name                Unused          Largest block    Delta
        BANK0            0000E2-0000FF               1E
        BANK1            000100-0001FF              100
        BANK2            000200-0002FF              100
        BANK3            000300-0003FF              100
        BANK4            000400-0004FF              100
        BANK5            000500-0005FF              100
        BANK6            000600-0006FF              100
        BANK7            000700-0007FF              100
        BIGRAM           00005E-00005F                2
                         0000E2-0007FF              71E
        BIGSFR           000DEF-000FFF              211
        CODE             000006-000007                2
                         0000A2-0007FF              75E
                         0024A2-007FFF             5B5E
        COMRAM           00005E-00005F                2
        CONST            000006-000007                2
                         0000A2-0007FF              75E
                         0024A2-007FFF             5B5E
        EEDATA           310000-3103FF              400
        IDLOC            200000-20000F               10
        MEDIUMCONST      0024A2-007FFF             5B5E
        RAM              0000E2-0007FF              100
        SFR              000DEF-000FFF              100
        SMALLCONST       0024A2-007FFF              100

                                  Symbol Table

?_ADC_ChannelSelectAndConvert                    cstackCOMRAM 00002F
?___fladd                                        cstackCOMRAM 00002F
?___flsub                                        cstackCOMRAM 00003F
?___fltol                                        cstackCOMRAM 00002F
?___xxtofl                                       cstackCOMRAM 00002F
ADC_ChannelSelectAndConvert@channel              cstackCOMRAM 000033
INT0_SetInterruptHandler@InterruptHandler        cstackCOMRAM 00002F
INT1_SetInterruptHandler@InterruptHandler        cstackCOMRAM 00002F
INT2_SetInterruptHandler@InterruptHandler        cstackCOMRAM 00002F
INT3_SetInterruptHandler@InterruptHandler        cstackCOMRAM 00002F
PWM6_LoadDutyValue@dutyValue                     cstackCOMRAM 00002F
TMR0_OverflowCallbackRegister@CallbackHandler    cstackCOMRAM 00002F
TMR2_OverflowCallbackRegister@InterruptHandler   cstackCOMRAM 00002F
TMR4_OverflowCallbackRegister@InterruptHandler   cstackCOMRAM 00002F
TMR6_OverflowCallbackRegister@InterruptHandler   cstackCOMRAM 00002F
TMR8_OverflowCallbackRegister@InterruptHandler   cstackCOMRAM 00002F
_ADACCH                                          (abs)        000F71
_ADACCL                                          (abs)        000F70
_ADACQ                                           (abs)        000F5C
_ADACT                                           (abs)        000F56
_ADCAP                                           (abs)        000F5D
_ADCLK                                           (abs)        000F57
_ADCNT                                           (abs)        000F67
_ADCON0                                          (abs)        000F60
_ADCON0bits                                      (abs)        000F60
_ADCON1                                          (abs)        000F59
_ADCON1bits                                      (abs)        000F59
_ADCON2                                          (abs)        000F5A
_ADCON2bits                                      (abs)        000F5A
_ADCON3                                          (abs)        000F5B
_ADCON3bits                                      (abs)        000F5B
_ADC_ChannelSelectAndConvert                     text24       00227A
_ADC_ConversionDoneCallback                      bssCOMRAM    000059
_ADC_ISR                                         text55       002498
_ADC_Initialize                                  text47       001F68
_ADC_ThresholdCallback                           bssCOMRAM    000057
_ADC_ThresholdISR                                text54       002492
_ADERRH                                          (abs)        000F6F
_ADERRL                                          (abs)        000F6E
_ADFLTRH                                         (abs)        000F73
_ADFLTRL                                         (abs)        000F72
_ADLTHH                                          (abs)        000F6B
_ADLTHL                                          (abs)        000F6A
_ADPCH                                           (abs)        000F5F
_ADPRE                                           (abs)        000F5E
_ADPREVH                                         (abs)        000F62
_ADPREVL                                         (abs)        000F61
_ADREF                                           (abs)        000F58
_ADRESH                                          (abs)        000F64
_ADRESL                                          (abs)        000F63
_ADRPT                                           (abs)        000F66
_ADSTAT                                          (abs)        000F65
_ADSTATbits                                      (abs)        000F65
_ADSTPTH                                         (abs)        000F69
_ADSTPTL                                         (abs)        000F68
_ADUTHH                                          (abs)        000F6D
_ADUTHL                                          (abs)        000F6C
_ANSELA                                          (abs)        000E92
_ANSELB                                          (abs)        000E9A
_ANSELD                                          (abs)        000EA7
_ANSELE                                          (abs)        000EAF
_ANSELF                                          (abs)        000EB4
_ANSELG                                          (abs)        000EBC
_CCPTMRS1bits                                    (abs)        000FAE
_CLOCK_Initialize                                text46       002412
_INLVLA                                          (abs)        000E8E
_INLVLB                                          (abs)        000E96
_INLVLC                                          (abs)        000E9E
_INLVLD                                          (abs)        000EA3
_INLVLE                                          (abs)        000EAB
_INLVLF                                          (abs)        000EB0
_INLVLG                                          (abs)        000EB8
_INLVLH                                          (abs)        000EBD
_INT0_DefaultInterruptHandler                    (abs)        000000
_INT0_InterruptHandler                           nvCOMRAM     00004F
_INT0_SetInterruptHandler                        text45       002488
_INT1_DefaultInterruptHandler                    (abs)        000000
_INT1_InterruptHandler                           nvCOMRAM     00004D
_INT1_SetInterruptHandler                        text44       00247E
_INT2_DefaultInterruptHandler                    (abs)        000000
_INT2_InterruptHandler                           nvCOMRAM     00004B
_INT2_SetInterruptHandler                        text43       002474
_INT3_DefaultInterruptHandler                    (abs)        000000
_INT3_InterruptHandler                           nvCOMRAM     000049
_INT3_SetInterruptHandler                        text42       00246A
_INTCONbits                                      (abs)        000FF2
_INTERRUPT_Initialize                            text41       001FC0
_INTERRUPT_InterruptManager                      intcode      000008
_IOCBF                                           (abs)        000E93
_IOCBFbits                                       (abs)        000E93
_IOCBN                                           (abs)        000E94
_IOCBP                                           (abs)        000E95
_IOCCF                                           (abs)        000E9B
_IOCCN                                           (abs)        000E9C
_IOCCP                                           (abs)        000E9D
_IOCEF                                           (abs)        000EA8
_IOCEN                                           (abs)        000EA9
_IOCEP                                           (abs)        000EAA
_IOCGF                                           (abs)        000EB5
_IOCGN                                           (abs)        000EB6
_IOCGP                                           (abs)        000EB7
_LATA                                            (abs)        000F79
_LATAbits                                        (abs)        000F79
_LATB                                            (abs)        000F7A
_LATBbits                                        (abs)        000F7A
_LATC                                            (abs)        000F7B
_LATD                                            (abs)        000F7C
_LATDbits                                        (abs)        000F7C
_LATE                                            (abs)        000F7D
_LATEbits                                        (abs)        000F7D
_LATF                                            (abs)        000F7E
_LATFbits                                        (abs)        000F7E
_LATG                                            (abs)        000F7F
_LATH                                            (abs)        000F80
_ODCONA                                          (abs)        000E90
_ODCONB                                          (abs)        000E98
_ODCONC                                          (abs)        000EA0
_ODCOND                                          (abs)        000EA5
_ODCONE                                          (abs)        000EAD
_ODCONF                                          (abs)        000EB2
_ODCONG                                          (abs)        000EBA
_ODCONH                                          (abs)        000EBF
_OSCCON1                                         (abs)        000E43
_OSCCON3                                         (abs)        000E45
_OSCEN                                           (abs)        000E47
_OSCFRQ                                          (abs)        000E49
_OSCTUNE                                         (abs)        000E48
_PIE0bits                                        (abs)        000E29
_PIE1bits                                        (abs)        000E2A
_PIN_MANAGER_IOC                                 text49       0022FA
_PIN_MANAGER_Initialize                          text38       001CE2
_PIR0bits                                        (abs)        000E33
_PIR1bits                                        (abs)        000E34
_PIR5bits                                        (abs)        000E38
_PORTAbits                                       (abs)        000F89
_PORTBbits                                       (abs)        000F8A
_PORTCbits                                       (abs)        000F8B
_PR2                                             (abs)        000FBC
_PR4                                             (abs)        000FB6
_PR6                                             (abs)        000FB0
_PR8                                             (abs)        000F29
_PWM6CON                                         (abs)        000FA4
_PWM6DCH                                         (abs)        000FA3
_PWM6DCL                                         (abs)        000FA2
_PWM6_Initialize                                 text37       002400
_PWM6_LoadDutyValue                              text12       0020D2
_RB2PPS                                          (abs)        000E5C
_RE6PPS                                          (abs)        000E78
_SLRCONA                                         (abs)        000E8F
_SLRCONB                                         (abs)        000E97
_SLRCONC                                         (abs)        000E9F
_SLRCOND                                         (abs)        000EA4
_SLRCONE                                         (abs)        000EAC
_SLRCONF                                         (abs)        000EB1
_SLRCONG                                         (abs)        000EB9
_SLRCONH                                         (abs)        000EBE
_SYSTEM_Initialize                               text26       0022D0
_T0CON0                                          (abs)        000FD5
_T0CON0bits                                      (abs)        000FD5
_T0CON1                                          (abs)        000FD6
_T2CLKCON                                        (abs)        000FBF
_T2CON                                           (abs)        000FBD
_T2CONbits                                       (abs)        000FBD
_T2HLT                                           (abs)        000FBE
_T2HLTbits                                       (abs)        000FBE
_T2PR                                            (abs)        000FBC
_T2RST                                           (abs)        000FC0
_T2RSTbits                                       (abs)        000FC0
_T2TMR                                           (abs)        000FBB
_T4CLKCON                                        (abs)        000FB9
_T4CON                                           (abs)        000FB7
_T4CONbits                                       (abs)        000FB7
_T4HLT                                           (abs)        000FB8
_T4HLTbits                                       (abs)        000FB8
_T4INPPS                                         (abs)        000DFE
_T4PR                                            (abs)        000FB6
_T4RST                                           (abs)        000FBA
_T4RSTbits                                       (abs)        000FBA
_T4TMR                                           (abs)        000FB5
_T6CLKCON                                        (abs)        000FB3
_T6CON                                           (abs)        000FB1
_T6CONbits                                       (abs)        000FB1
_T6HLT                                           (abs)        000FB2
_T6HLTbits                                       (abs)        000FB2
_T6INPPS                                         (abs)        000DFF
_T6PR                                            (abs)        000FB0
_T6RST                                           (abs)        000FB4
_T6RSTbits                                       (abs)        000FB4
_T6TMR                                           (abs)        000FAF
_T8CLKCON                                        (abs)        000F2C
_T8CON                                           (abs)        000F2A
_T8CONbits                                       (abs)        000F2A
_T8HLT                                           (abs)        000F2B
_T8HLTbits                                       (abs)        000F2B
_T8INPPS                                         (abs)        000E00
_T8PR                                            (abs)        000F29
_T8RST                                           (abs)        000F2D
_T8RSTbits                                       (abs)        000F2D
_T8TMR                                           (abs)        000F28
_TMR0H                                           (abs)        000FD4
_TMR0IF                                          (abs)        00719D
_TMR0L                                           (abs)        000FD3
_TMR0_DefaultOverflowCallback                    (abs)        000000
_TMR0_Initialize                                 text35       0023CE
_TMR0_OverflowCallback                           nvBANK0      0000D8
_TMR0_OverflowCallbackRegister                   text36       00244C
_TMR0_Reload                                     (abs)        000000
_TMR0_Start                                      (abs)        000000
_TMR0_Stop                                       (abs)        000000
_TMR0_Tasks                                      (abs)        000000
_TMR2                                            (abs)        000FBB
_TMR2_DefaultOverflowCallback                    (abs)        000000
_TMR2_Initialize                                 text33       002324
_TMR2_OverflowCallback                           nvBANK0      0000DA
_TMR2_OverflowCallbackRegister                   text34       002442
_TMR2_PeriodCountSet                             (abs)        000000
_TMR2_Start                                      (abs)        000000
_TMR2_Stop                                       (abs)        000000
_TMR2_Tasks                                      (abs)        000000
_TMR4                                            (abs)        000FB5
_TMR4_DefaultOverflowCallback                    (abs)        000000
_TMR4_Initialize                                 text31       0023AE
_TMR4_OverflowCallback                           nvBANK0      0000DC
_TMR4_OverflowCallbackRegister                   text32       002438
_TMR4_PeriodCountSet                             (abs)        000000
_TMR4_Start                                      (abs)        000000
_TMR4_Stop                                       (abs)        000000
_TMR4_Tasks                                      (abs)        000000
_TMR6                                            (abs)        000FAF
_TMR6_DefaultOverflowCallback                    (abs)        000000
_TMR6_Initialize                                 text29       00238E
_TMR6_OverflowCallback                           nvBANK0      0000DE
_TMR6_OverflowCallbackRegister                   text30       00242E
_TMR6_PeriodCountSet                             (abs)        000000
_TMR6_Start                                      (abs)        000000
_TMR6_Stop                                       (abs)        000000
_TMR6_Tasks                                      (abs)        000000
_TMR8                                            (abs)        000F28
_TMR8_DefaultOverflowCallback                    (abs)        000000
_TMR8_Initialize                                 text27       00234A
_TMR8_OverflowCallback                           nvCOMRAM     000047
_TMR8_OverflowCallbackRegister                   text28       002424
_TMR8_PeriodCountSet                             (abs)        000000
_TMR8_Start                                      (abs)        000000
_TMR8_Stop                                       (abs)        000000
_TMR8_Tasks                                      (abs)        000000
_TRISA                                           (abs)        000F81
_TRISB                                           (abs)        000F82
_TRISBbits                                       (abs)        000F82
_TRISC                                           (abs)        000F83
_TRISD                                           (abs)        000F84
_TRISDbits                                       (abs)        000F84
_TRISE                                           (abs)        000F85
_TRISEbits                                       (abs)        000F85
_TRISF                                           (abs)        000F86
_TRISFbits                                       (abs)        000F86
_TRISG                                           (abs)        000F87
_TRISH                                           (abs)        000F88
_Timer0                                          smallconst   000801
_Timer2                                          smallconst   00080D
_Timer4                                          smallconst   000819
_Timer6                                          smallconst   000825
_Timer8                                          smallconst   000831
_WPUA                                            (abs)        000E91
_WPUB                                            (abs)        000E99
_WPUC                                            (abs)        000EA1
_WPUD                                            (abs)        000EA6
_WPUE                                            (abs)        000EAE
_WPUF                                            (abs)        000EB3
_WPUG                                            (abs)        000EBB
_WPUH                                            (abs)        000EC0
__HRAM                                           (abs)        000000
__H__absolute__                                  __absolute__ 000000
__Habs1                                          abs1         000000
__Hbank0                                         bank0        000000
__Hbank1                                         bank1        000000
__Hbank2                                         bank2        000000
__Hbank3                                         bank3        000000
__Hbank4                                         bank4        000000
__Hbank5                                         bank5        000000
__Hbank6                                         bank6        000000
__Hbank7                                         bank7        000000
__Hbigbss                                        bigbss       000000
__Hbigdata                                       bigdata      000000
__Hbigram                                        bigram       000000
__Hbigsfr                                        bigsfr       000000
__Hbss                                           bss          000000
__HbssBANK0                                      bssBANK0     000000
__HbssCOMRAM                                     bssCOMRAM    000000
__Hcinit                                         cinit        000000
__Hclrtext                                       clrtext      000000
__Hcomram                                        comram       000000
__Hconfig                                        config       30000C
__Hconst                                         const        000000
__HcstackBANK0                                   cstackBANK0  000000
__HcstackCOMRAM                                  cstackCOMRAM 000000
__Hdata                                          data         000000
__HdataBANK0                                     dataBANK0    000000
__HdataCOMRAM                                    dataCOMRAM   000000
__Heeprom_data                                   eeprom_data  000000
__Hfarbss                                        farbss       000000
__Hfardata                                       fardata      000000
__Hheap                                          heap         000000
__Hibigdata                                      ibigdata     000000
__Hidata                                         idata        000000
__HidataBANK0                                    idataBANK0   000000
__HidataCOMRAM                                   idataCOMRAM  000000
__Hidloc                                         idloc        000000
__Hifardata                                      ifardata     000000
__Hinit                                          init         0000A2
__Hintcode                                       intcode      00009E
__Hintcode_body                                  intcode_body 000000
__Hintcodelo                                     intcodelo    000018
__Hintentry                                      intentry     000000
__Hintret                                        intret       000000
__Hintsave_regs                                  intsave_regs 000000
__Hirdata                                        irdata       000000
__Hmediumconst                                   mediumconst  000000
__HnvBANK0                                       nvBANK0      000000
__HnvCOMRAM                                      nvCOMRAM     000000
__HnvFARRAM                                      nvFARRAM     000000
__Hnvbit                                         nvbit        000000
__Hnvrram                                        nvrram       000000
__Hparam                                         rparam       000000
__Hpowerup                                       powerup      000000
__Hram                                           ram          000000
__Hramtop                                        ramtop       000800
__Hrbit                                          rbit         000000
__Hrbss                                          rbss         000000
__Hrdata                                         rdata        000000
__Hreset_vec                                     reset_vec    000006
__Hrparam                                        rparam       000000
__Hsfr                                           sfr          000000
__Hsivt_hi                                       sivt_hi      000000
__Hsivt_lo                                       sivt_lo      000018
__Hsmallconst                                    smallconst   00083E
__Hspace_0                                       (abs)        0024A2
__Hspace_1                                       (abs)        0000E2
__Hspace_2                                       (abs)        000000
__Hspace_4                                       (abs)        60000C
__Hstack                                         stack        000000
__Hstruct                                        struct       000000
__Htemp                                          temp         00005E
__Htext                                          text         000000
__Htext0                                         text0        000000
__Htext1                                         text1        000000
__Htext10                                        text10       000000
__Htext11                                        text11       000000
__Htext12                                        text12       000000
__Htext13                                        text13       000000
__Htext14                                        text14       000000
__Htext15                                        text15       000000
__Htext16                                        text16       000000
__Htext17                                        text17       000000
__Htext18                                        text18       000000
__Htext19                                        text19       000000
__Htext2                                         text2        000000
__Htext20                                        text20       000000
__Htext21                                        text21       000000
__Htext22                                        text22       000000
__Htext23                                        text23       000000
__Htext24                                        text24       000000
__Htext25                                        text25       000000
__Htext26                                        text26       000000
__Htext27                                        text27       000000
__Htext28                                        text28       000000
__Htext29                                        text29       000000
__Htext3                                         text3        000000
__Htext30                                        text30       000000
__Htext31                                        text31       000000
__Htext32                                        text32       000000
__Htext33                                        text33       000000
__Htext34                                        text34       000000
__Htext35                                        text35       000000
__Htext36                                        text36       000000
__Htext37                                        text37       000000
__Htext38                                        text38       000000
__Htext39                                        text39       000000
__Htext4                                         text4        000000
__Htext40                                        text40       000000
__Htext41                                        text41       000000
__Htext42                                        text42       000000
__Htext43                                        text43       000000
__Htext44                                        text44       000000
__Htext45                                        text45       000000
__Htext46                                        text46       000000
__Htext47                                        text47       000000
__Htext49                                        text49       000000
__Htext5                                         text5        000000
__Htext50                                        text50       000000
__Htext51                                        text51       000000
__Htext52                                        text52       000000
__Htext53                                        text53       000000
__Htext54                                        text54       000000
__Htext55                                        text55       000000
__Htext6                                         text6        000000
__Htext7                                         text7        000000
__Htext8                                         text8        000000
__Htext9                                         text9        000000
__LRAM                                           (abs)        000001
__L__absolute__                                  __absolute__ 000000
__Labs1                                          abs1         000000
__Lbank0                                         bank0        000000
__Lbank1                                         bank1        000000
__Lbank2                                         bank2        000000
__Lbank3                                         bank3        000000
__Lbank4                                         bank4        000000
__Lbank5                                         bank5        000000
__Lbank6                                         bank6        000000
__Lbank7                                         bank7        000000
__Lbigbss                                        bigbss       000000
__Lbigdata                                       bigdata      000000
__Lbigram                                        bigram       000000
__Lbigsfr                                        bigsfr       000000
__Lbss                                           bss          000000
__LbssBANK0                                      bssBANK0     000000
__LbssCOMRAM                                     bssCOMRAM    000000
__Lcinit                                         cinit        000000
__Lclrtext                                       clrtext      000000
__Lcomram                                        comram       000000
__Lconfig                                        config       000000
__Lconst                                         const        000000
__LcstackBANK0                                   cstackBANK0  000000
__LcstackCOMRAM                                  cstackCOMRAM 000000
__Ldata                                          data         000000
__LdataBANK0                                     dataBANK0    000000
__LdataCOMRAM                                    dataCOMRAM   000000
__Leeprom_data                                   eeprom_data  000000
__Lfarbss                                        farbss       000000
__Lfardata                                       fardata      000000
__Lheap                                          heap         000000
__Libigdata                                      ibigdata     000000
__Lidata                                         idata        000000
__LidataBANK0                                    idataBANK0   000000
__LidataCOMRAM                                   idataCOMRAM  000000
__Lidloc                                         idloc        000000
__Lifardata                                      ifardata     000000
__Linit                                          init         00009E
__Lintcode                                       intcode      000008
__Lintcode_body                                  intcode_body 000000
__Lintcodelo                                     intcodelo    000018
__Lintentry                                      intentry     000000
__Lintret                                        intret       000000
__Lintsave_regs                                  intsave_regs 000000
__Lirdata                                        irdata       000000
__Lmediumconst                                   mediumconst  000000
__LnvBANK0                                       nvBANK0      000000
__LnvCOMRAM                                      nvCOMRAM     000000
__LnvFARRAM                                      nvFARRAM     000000
__Lnvbit                                         nvbit        000000
__Lnvrram                                        nvrram       000000
__Lparam                                         rparam       000000
__Lpowerup                                       powerup      000000
__Lram                                           ram          000000
__Lramtop                                        ramtop       000800
__Lrbit                                          rbit         000000
__Lrbss                                          rbss         000000
__Lrdata                                         rdata        000000
__Lreset_vec                                     reset_vec    000000
__Lrparam                                        rparam       000000
__Lsfr                                           sfr          000000
__Lsivt_hi                                       sivt_hi      000000
__Lsivt_lo                                       sivt_lo      000018
__Lsmallconst                                    smallconst   000800
__Lspace_0                                       (abs)        000000
__Lspace_1                                       (abs)        000000
__Lspace_2                                       (abs)        000000
__Lspace_4                                       (abs)        000000
__Lstack                                         stack        000000
__Lstruct                                        struct       000000
__Ltemp                                          temp         00005D
__Ltext                                          text         000000
__Ltext0                                         text0        000000
__Ltext1                                         text1        000000
__Ltext10                                        text10       000000
__Ltext11                                        text11       000000
__Ltext12                                        text12       000000
__Ltext13                                        text13       000000
__Ltext14                                        text14       000000
__Ltext15                                        text15       000000
__Ltext16                                        text16       000000
__Ltext17                                        text17       000000
__Ltext18                                        text18       000000
__Ltext19                                        text19       000000
__Ltext2                                         text2        000000
__Ltext20                                        text20       000000
__Ltext21                                        text21       000000
__Ltext22                                        text22       000000
__Ltext23                                        text23       000000
__Ltext24                                        text24       000000
__Ltext25                                        text25       000000
__Ltext26                                        text26       000000
__Ltext27                                        text27       000000
__Ltext28                                        text28       000000
__Ltext29                                        text29       000000
__Ltext3                                         text3        000000
__Ltext30                                        text30       000000
__Ltext31                                        text31       000000
__Ltext32                                        text32       000000
__Ltext33                                        text33       000000
__Ltext34                                        text34       000000
__Ltext35                                        text35       000000
__Ltext36                                        text36       000000
__Ltext37                                        text37       000000
__Ltext38                                        text38       000000
__Ltext39                                        text39       000000
__Ltext4                                         text4        000000
__Ltext40                                        text40       000000
__Ltext41                                        text41       000000
__Ltext42                                        text42       000000
__Ltext43                                        text43       000000
__Ltext44                                        text44       000000
__Ltext45                                        text45       000000
__Ltext46                                        text46       000000
__Ltext47                                        text47       000000
__Ltext49                                        text49       000000
__Ltext5                                         text5        000000
__Ltext50                                        text50       000000
__Ltext51                                        text51       000000
__Ltext52                                        text52       000000
__Ltext53                                        text53       000000
__Ltext54                                        text54       000000
__Ltext55                                        text55       000000
__Ltext6                                         text6        000000
__Ltext7                                         text7        000000
__Ltext8                                         text8        000000
__Ltext9                                         text9        000000
__S0                                             (abs)        0024A2
__S1                                             (abs)        0000E2
__S4                                             (abs)        000000
__S5                                             (abs)        000000
___fladd                                         text8        00083E
___fladd@a                                       cstackCOMRAM 000033
___fladd@aexp                                    cstackCOMRAM 00003C
___fladd@b                                       cstackCOMRAM 00002F
___fladd@bexp                                    cstackCOMRAM 00003D
___fladd@grs                                     cstackCOMRAM 00003E
___fladd@signs                                   cstackCOMRAM 00003B
___flge                                          text9        0019FC
___flge@ff1                                      cstackCOMRAM 00002F
___flge@ff2                                      cstackCOMRAM 000033
___flsub                                         text7        00200C
___flsub@a                                       cstackCOMRAM 000043
___flsub@b                                       cstackCOMRAM 00003F
___fltol                                         text6        0018F6
___fltol@exp1                                    cstackCOMRAM 000038
___fltol@f1                                      cstackCOMRAM 00002F
___fltol@sign1                                   cstackCOMRAM 000037
___heap_hi                                       (abs)        000000
___heap_lo                                       (abs)        000000
___inthi_sp                                      stack        000000
___inthi_stack_hi                                stack        000000
___inthi_stack_lo                                stack        000000
___intlo_sp                                      stack        000000
___intlo_stack_hi                                stack        000000
___intlo_stack_lo                                stack        000000
___param_bank                                    (abs)        000000
___rparam_used                                   (abs)        000001
___sp                                            stack        000000
___stack_hi                                      stack        000000
___stack_lo                                      stack        000000
___xxtofl                                        text5        0013CC
___xxtofl@arg                                    cstackCOMRAM 000039
___xxtofl@exp                                    cstackCOMRAM 000038
___xxtofl@sign                                   cstackCOMRAM 000037
___xxtofl@val                                    cstackCOMRAM 00002F
__accesstop                                      (abs)        000060
__activetblptr                                   (abs)        000002
__end_of_ADC_ChannelSelectAndConvert             text24       0022A6
__end_of_ADC_ISR                                 text55       00249E
__end_of_ADC_Initialize                          text47       001FC0
__end_of_ADC_ThresholdISR                        text54       002498
__end_of_CLOCK_Initialize                        text46       002424
__end_of_INT0_SetInterruptHandler                text45       002492
__end_of_INT1_SetInterruptHandler                text44       002488
__end_of_INT2_SetInterruptHandler                text43       00247E
__end_of_INT3_SetInterruptHandler                text42       002474
__end_of_INTERRUPT_Initialize                    text41       00200C
__end_of_INTERRUPT_InterruptManager              intcode      00009E
__end_of_PIN_MANAGER_IOC                         text49       002324
__end_of_PIN_MANAGER_Initialize                  text38       001DC2
__end_of_PWM6_Initialize                         text37       002412
__end_of_PWM6_LoadDutyValue                      text12       002106
__end_of_SYSTEM_Initialize                       text26       0022FA
__end_of_TMR0_Initialize                         text35       0023EE
__end_of_TMR0_OverflowCallbackRegister           text36       002456
__end_of_TMR2_Initialize                         text33       00234A
__end_of_TMR2_OverflowCallbackRegister           text34       00244C
__end_of_TMR4_Initialize                         text31       0023CE
__end_of_TMR4_OverflowCallbackRegister           text32       002442
__end_of_TMR6_Initialize                         text29       0023AE
__end_of_TMR6_OverflowCallbackRegister           text30       002438
__end_of_TMR8_Initialize                         text27       00236E
__end_of_TMR8_OverflowCallbackRegister           text28       00242E
__end_of_Timer0                                  smallconst   00080D
__end_of_Timer2                                  smallconst   000819
__end_of_Timer4                                  smallconst   000825
__end_of_Timer6                                  smallconst   000831
__end_of_Timer8                                  smallconst   00083D
__end_of___fladd                                 text8        000CF4
__end_of___flge                                  text9        001B00
__end_of___flsub                                 text7        002052
__end_of___fltol                                 text6        0019FC
__end_of___xxtofl                                text5        001580
__end_of__initialization                         cinit        001EFE
__end_of_checkHallSensors                        text25       0016D4
__end_of_closeSafety_check                       text22       0021F6
__end_of_commandFilter                           text20       0013CC
__end_of_cycle_nsleep                            text21       00238E
__end_of_hallSensor1_DefaultInterruptHandler     text53       0024A2
__end_of_hallSensor1_ISR                         text52       00216A
__end_of_hallSensor1_SetInterruptHandler         text40       00246A
__end_of_hallSensor2_DefaultInterruptHandler     text51       0024A0
__end_of_hallSensor2_ISR                         text50       002138
__end_of_hallSensor2_SetInterruptHandler         text39       002460
__end_of_inputs                                  text19       001CE2
__end_of_ledControl                              text14       002400
__end_of_limitLed                                text18       001E40
__end_of_main                                    text0        00219A
__end_of_motorClose                              text11       00227A
__end_of_motorDirectionLED                       text17       0020D2
__end_of_motorOpen                               text10       00224E
__end_of_motorStop                               text4        0017EA
__end_of_openSafety_check                        text13       0021C8
__end_of_resistive_safetyCheck                   text23       002096
__end_of_rockoStateMachine                       text3        001112
__end_of_safetyLed                               text16       001BF6
__end_of_stopLed                                 text15       0022D0
__end_of_timers                                  text1        001F68
__end_of_updateTimer                             text2        0018F6
__initialization                                 cinit        001EA6
__mediumconst                                    smallconst   000800
__pbssBANK0                                      bssBANK0     0000C6
__pbssCOMRAM                                     bssCOMRAM    000055
__pcinit                                         cinit        001EA6
__pcstackBANK0                                   cstackBANK0  0000E0
__pcstackCOMRAM                                  cstackCOMRAM 00002D
__pdataBANK0                                     dataBANK0    000060
__pdataCOMRAM                                    dataCOMRAM   000001
__pidataBANK0                                    idataBANK0   001E40
__pidataCOMRAM                                   idataCOMRAM  0021F6
__pintcode                                       intcode      000008
__pnvBANK0                                       nvBANK0      0000D8
__pnvCOMRAM                                      nvCOMRAM     000047
__psmallconst                                    smallconst   000800
__ptext0                                         text0        00216A
__ptext1                                         text1        001F0C
__ptext10                                        text10       002222
__ptext11                                        text11       00224E
__ptext12                                        text12       0020D2
__ptext13                                        text13       00219A
__ptext14                                        text14       0023EE
__ptext15                                        text15       0022A6
__ptext16                                        text16       001B00
__ptext17                                        text17       002096
__ptext18                                        text18       001DC2
__ptext19                                        text19       001BF6
__ptext2                                         text2        0017EA
__ptext20                                        text20       001112
__ptext21                                        text21       00236E
__ptext22                                        text22       0021C8
__ptext23                                        text23       002052
__ptext24                                        text24       00227A
__ptext25                                        text25       001580
__ptext26                                        text26       0022D0
__ptext27                                        text27       00234A
__ptext28                                        text28       002424
__ptext29                                        text29       00238E
__ptext3                                         text3        000CF4
__ptext30                                        text30       00242E
__ptext31                                        text31       0023AE
__ptext32                                        text32       002438
__ptext33                                        text33       002324
__ptext34                                        text34       002442
__ptext35                                        text35       0023CE
__ptext36                                        text36       00244C
__ptext37                                        text37       002400
__ptext38                                        text38       001CE2
__ptext39                                        text39       002456
__ptext4                                         text4        0016D4
__ptext40                                        text40       002460
__ptext41                                        text41       001FC0
__ptext42                                        text42       00246A
__ptext43                                        text43       002474
__ptext44                                        text44       00247E
__ptext45                                        text45       002488
__ptext46                                        text46       002412
__ptext47                                        text47       001F68
__ptext49                                        text49       0022FA
__ptext5                                         text5        0013CC
__ptext50                                        text50       002106
__ptext51                                        text51       00249E
__ptext52                                        text52       002138
__ptext53                                        text53       0024A0
__ptext54                                        text54       002492
__ptext55                                        text55       002498
__ptext6                                         text6        0018F6
__ptext7                                         text7        00200C
__ptext8                                         text8        00083E
__ptext9                                         text9        0019FC
__ramtop                                         ramtop       000800
__smallconst                                     smallconst   000800
_adc_busy_status                                 bssCOMRAM    00005C
_checkHallSensors                                text25       001580
_closeLimit                                      dataBANK0    000060
_closeSafety1                                    dataBANK0    000096
_closeSafety2                                    dataBANK0    000090
_closeSafety_check                               text22       0021C8
_cmdAuxOpen                                      dataBANK0    000078
_cmdClose                                        dataBANK0    000080
_cmdOpen                                         dataBANK0    000088
_cmdReverse                                      dataBANK0    000070
_cmdSingle                                       dataCOMRAM   00001F
_cmdStopPb                                       dataCOMRAM   000017
_cmdStopSw                                       dataCOMRAM   00000F
_command                                         bssBANK0     0000C6
_commandFilter                                   text20       001112
_currentDutyCycle                                dataCOMRAM   00000B
_current_time                                    bssBANK0     0000D4
_cycle_nsleep                                    text21       00236E
_delayBeforeReverse                              dataCOMRAM   000027
_dutyAccumulator                                 dataCOMRAM   000001
_encoderCount                                    bssCOMRAM    000055
_hallSensor1_DefaultInterruptHandler             text53       0024A0
_hallSensor1_ISR                                 text52       002138
_hallSensor1_InterruptHandler                    nvCOMRAM     000053
_hallSensor1_SetInterruptHandler                 text40       002460
_hallSensor2_DefaultInterruptHandler             text51       00249E
_hallSensor2_ISR                                 text50       002106
_hallSensor2_InterruptHandler                    nvCOMRAM     000051
_hallSensor2_SetInterruptHandler                 text39       002456
_hornToggleTimer                                 dataBANK0    0000BA
_inputs                                          text19       001BF6
_lastState                                       bssCOMRAM    00005B
_ledControl                                      text14       0023EE
_limitLed                                        text18       001DC2
_main                                            text0        00216A
_maxRunTimer                                     dataBANK0    0000B4
_motorClose                                      text11       00224E
_motorDelayTimer                                 dataBANK0    0000AE
_motorDelayTimerC                                dataBANK0    0000A8
_motorDirectionLED                               text17       002096
_motorOpen                                       text10       002222
_motorStop                                       text4        0016D4
_openLimit                                       dataBANK0    000068
_openSafety1                                     dataBANK0    0000A2
_openSafety2                                     dataBANK0    00009C
_openSafety_check                                text13       00219A
_resistive_safetyCheck                           text23       002052
_reverseTimer                                    dataBANK0    0000C0
_rockoState                                      dataCOMRAM   00000D
_rockoStateMachine                               text3        000CF4
_safetyLed                                       text16       001B00
_stepSize                                        dataCOMRAM   000009
_stepSizeC                                       dataCOMRAM   000007
_stopLed                                         text15       0022A6
_timer                                           bssBANK0     0000CE
_timers                                          text1        001F0C
_topSpeed                                        dataCOMRAM   000005
_updateTimer                                     text2        0017EA
btemp                                            temp         00005D
checkHallSensors@newState                        cstackCOMRAM 000031
commandFilter@commandName                        cstackCOMRAM 00002F
commandFilter@getInput                           cstackCOMRAM 000034
end_of_initialization                            cinit        001EFE
hallSensor1_SetInterruptHandler@InterruptHandler cstackCOMRAM 00002F
hallSensor2_SetInterruptHandler@InterruptHandler cstackCOMRAM 00002F
int$flags                                        temp         00005D
intlevel0                                        text         000000
intlevel1                                        text         000000
intlevel2                                        text         000000
intlevel3                                        text         000000
isa$std                                          (abs)        000001
isa$xinst                                        (abs)        000000
resistive_safetyCheck@adcValue                   cstackCOMRAM 000034
resistive_safetyCheck@safety                     cstackCOMRAM 000036
stackhi                                          (abs)        000000
stacklo                                          (abs)        000000
start                                            init         00009E
start_initialization                             cinit        001EA6
ttemp5                                           temp         00005E
ttemp6                                           temp         000061
ttemp7                                           temp         000065
updateTimer@reset                                cstackCOMRAM 000030
updateTimer@timerName                            cstackCOMRAM 00002F
wtemp8                                           temp         00005E


MODULE INFORMATION

Module		Function		Class		Link	Load	Size
C:\Program Files\Microchip\xc8\v3.00\pic\sources\c99\common\flge.c
		___flge        		CODE           	19FC	0000	260

C:\Program Files\Microchip\xc8\v3.00\pic\sources\c99\common\flge.c estimated size: 260

timers.c
		_timers        		CODE           	1F0C	0000	92
		_updateTimer   		CODE           	17EA	0000	268

timers.c estimated size: 360

ledControl.c
		_ledControl    		CODE           	23EE	0000	18
		_safetyLed     		CODE           	1B00	0000	246
		_limitLed      		CODE           	1DC2	0000	126
		_stopLed       		CODE           	22A6	0000	42
		_motorDirectionLED		CODE           	2096	0000	60

ledControl.c estimated size: 492

rockoStateMachine.c
		_rockoStateMachine		CODE           	0CF4	0000	1054

rockoStateMachine.c estimated size: 1054

mcc_generated_files/system/src/interrupt.c
		_INT0_SetInterruptHandler		CODE           	2488	0000	10
		_INT1_SetInterruptHandler		CODE           	247E	0000	10
		_INT2_SetInterruptHandler		CODE           	2474	0000	10
		_INTERRUPT_Initialize		CODE           	1FC0	0000	76
		_INT3_SetInterruptHandler		CODE           	246A	0000	10
		_INTERRUPT_InterruptManager		CODE           	0008	0000	150

mcc_generated_files/system/src/interrupt.c estimated size: 266

mcc_generated_files/adc/src/adc.c
		_ADC_Initialize		CODE           	1F68	0000	88
		_ADC_ChannelSelectAndConvert		CODE           	227A	0000	44
		_ADC_ISR       		CODE           	2498	0000	6
		_ADC_ThresholdISR		CODE           	2492	0000	6

mcc_generated_files/adc/src/adc.c estimated size: 144

mcc_generated_files/system/src/pins.c
		_PIN_MANAGER_Initialize		CODE           	1CE2	0000	224
		_hallSensor1_SetInterruptHandler		CODE           	2460	0000	10
		_hallSensor2_SetInterruptHandler		CODE           	2456	0000	10
		_hallSensor1_ISR		CODE           	2138	0000	50
		_hallSensor2_ISR		CODE           	2106	0000	50
		_hallSensor1_DefaultInterruptHandler		CODE           	24A0	0000	2
		_hallSensor2_DefaultInterruptHandler		CODE           	249E	0000	2
		_PIN_MANAGER_IOC		CODE           	22FA	0000	42

mcc_generated_files/system/src/pins.c estimated size: 390

motorState.c
		_motorStop     		CODE           	16D4	0000	278
		_motorClose    		CODE           	224E	0000	44
		_motorOpen     		CODE           	2222	0000	44

motorState.c estimated size: 366

shared
		_Timer4        		SMALLCONST     	0819	0000	12
		_Timer2        		SMALLCONST     	080D	0000	12
		_Timer8        		SMALLCONST     	0831	0000	12
		__initialization		CODE           	1EA6	0000	88
		_Timer0        		SMALLCONST     	0801	0000	12
		_Timer6        		SMALLCONST     	0825	0000	12

shared estimated size: 148

mcc_generated_files/timer/src/tmr8.c
		_TMR8_Initialize		CODE           	234A	0000	36
		_TMR8_OverflowCallbackRegister		CODE           	2424	0000	10

mcc_generated_files/timer/src/tmr8.c estimated size: 46

C:\Program Files\Microchip\xc8\v3.00\pic\sources\c99\common\xxtofl.c
		___xxtofl      		CODE           	13CC	0000	436

C:\Program Files\Microchip\xc8\v3.00\pic\sources\c99\common\xxtofl.c estimated size: 436

mcc_generated_files/timer/src/tmr6.c
		_TMR6_Initialize		CODE           	238E	0000	32
		_TMR6_OverflowCallbackRegister		CODE           	242E	0000	10

mcc_generated_files/timer/src/tmr6.c estimated size: 42

mcc_generated_files/timer/src/tmr4.c
		_TMR4_Initialize		CODE           	23AE	0000	32
		_TMR4_OverflowCallbackRegister		CODE           	2438	0000	10

mcc_generated_files/timer/src/tmr4.c estimated size: 42

mcc_generated_files/timer/src/tmr2.c
		_TMR2_Initialize		CODE           	2324	0000	38
		_TMR2_OverflowCallbackRegister		CODE           	2442	0000	10

mcc_generated_files/timer/src/tmr2.c estimated size: 48

mcc_generated_files/system/src/clock.c
		_CLOCK_Initialize		CODE           	2412	0000	18

mcc_generated_files/system/src/clock.c estimated size: 18

safety.c
		_openSafety_check		CODE           	219A	0000	46
		_resistive_safetyCheck		CODE           	2052	0000	68
		_closeSafety_check		CODE           	21C8	0000	46

safety.c estimated size: 160

mcc_generated_files/timer/src/tmr0.c
		_TMR0_OverflowCallbackRegister		CODE           	244C	0000	10
		_TMR0_Initialize		CODE           	23CE	0000	32

mcc_generated_files/timer/src/tmr0.c estimated size: 42

C:\Program Files\Microchip\xc8\v3.00\pic\sources\c99\common\fltol.c
		___fltol       		CODE           	18F6	0000	262

C:\Program Files\Microchip\xc8\v3.00\pic\sources\c99\common\fltol.c estimated size: 262

main.c
		_cycle_nsleep  		CODE           	236E	0000	32
		_main          		CODE           	216A	0000	48
		_checkHallSensors		CODE           	1580	0000	340

main.c estimated size: 420

C:\Program Files\Microchip\xc8\v3.00\pic\sources\c99\common\sprcadd.c
		___flsub       		CODE           	200C	0000	70
		___fladd       		CODE           	083E	0000	1206

C:\Program Files\Microchip\xc8\v3.00\pic\sources\c99\common\sprcadd.c estimated size: 1276

mcc_generated_files/system/src/system.c
		_SYSTEM_Initialize		CODE           	22D0	0000	42

mcc_generated_files/system/src/system.c estimated size: 42

inputs.c
		_commandFilter 		CODE           	1112	0000	698
		_inputs        		CODE           	1BF6	0000	236

inputs.c estimated size: 934

mcc_generated_files/pwm/src/pwm6.c
		_PWM6_LoadDutyValue		CODE           	20D2	0000	52
		_PWM6_Initialize		CODE           	2400	0000	18

mcc_generated_files/pwm/src/pwm6.c estimated size: 70

